Archive member included to satisfy reference by file (symbol)

c:/program files (x86)/atmel/studio/7.0/toolchain/arm/arm-gnu-toolchain/bin/../lib/gcc/arm-none-eabi/6.2.1/thumb/v6-m\libgcc.a(_udivsi3.o)
                              src/ASF/common2/services/delay/sam0/systick_counter.o (__aeabi_uidiv)
c:/program files (x86)/atmel/studio/7.0/toolchain/arm/arm-gnu-toolchain/bin/../lib/gcc/arm-none-eabi/6.2.1/thumb/v6-m\libgcc.a(_dvmd_tls.o)
                              c:/program files (x86)/atmel/studio/7.0/toolchain/arm/arm-gnu-toolchain/bin/../lib/gcc/arm-none-eabi/6.2.1/thumb/v6-m\libgcc.a(_udivsi3.o) (__aeabi_idiv0)
c:/program files (x86)/atmel/studio/7.0/toolchain/arm/arm-gnu-toolchain/bin/../lib/gcc/arm-none-eabi/6.2.1/thumb/v6-m\libgcc.a(_muldi3.o)
                              src/ASF/sam0/drivers/sercom/sercom.o (__aeabi_lmul)
c:/program files (x86)/atmel/studio/7.0/toolchain/arm/arm-gnu-toolchain/bin/../lib/gcc/arm-none-eabi/6.2.1/../../../../arm-none-eabi/lib/thumb/v6-m\libc_nano.a(lib_a-exit.o)
                              c:/program files (x86)/atmel/studio/7.0/toolchain/arm/arm-gnu-toolchain/bin/../lib/gcc/arm-none-eabi/6.2.1/../../../../arm-none-eabi/lib/thumb/v6-m/crt0.o (exit)
c:/program files (x86)/atmel/studio/7.0/toolchain/arm/arm-gnu-toolchain/bin/../lib/gcc/arm-none-eabi/6.2.1/../../../../arm-none-eabi/lib/thumb/v6-m\libc_nano.a(lib_a-impure.o)
                              c:/program files (x86)/atmel/studio/7.0/toolchain/arm/arm-gnu-toolchain/bin/../lib/gcc/arm-none-eabi/6.2.1/../../../../arm-none-eabi/lib/thumb/v6-m\libc_nano.a(lib_a-exit.o) (_global_impure_ptr)
c:/program files (x86)/atmel/studio/7.0/toolchain/arm/arm-gnu-toolchain/bin/../lib/gcc/arm-none-eabi/6.2.1/../../../../arm-none-eabi/lib/thumb/v6-m\libc_nano.a(lib_a-init.o)
                              c:/program files (x86)/atmel/studio/7.0/toolchain/arm/arm-gnu-toolchain/bin/../lib/gcc/arm-none-eabi/6.2.1/../../../../arm-none-eabi/lib/thumb/v6-m/crt0.o (__libc_init_array)
c:/program files (x86)/atmel/studio/7.0/toolchain/arm/arm-gnu-toolchain/bin/../lib/gcc/arm-none-eabi/6.2.1/../../../../arm-none-eabi/lib/thumb/v6-m\libc_nano.a(lib_a-memcpy-stub.o)
                              src/ASF/sam0/drivers/adc/adc_sam_d_r_h/adc.o (memcpy)
c:/program files (x86)/atmel/studio/7.0/toolchain/arm/arm-gnu-toolchain/bin/../lib/gcc/arm-none-eabi/6.2.1/../../../../arm-none-eabi/lib/thumb/v6-m\libc_nano.a(lib_a-memset.o)
                              c:/program files (x86)/atmel/studio/7.0/toolchain/arm/arm-gnu-toolchain/bin/../lib/gcc/arm-none-eabi/6.2.1/../../../../arm-none-eabi/lib/thumb/v6-m/crt0.o (memset)

Allocating common symbols
Common symbol       size              file

_tcc_instances      0x4               src/ASF/sam0/drivers/tcc/tcc_callback.o
orb_tc_instance     0x1c              src/RGB_LED.o
dummy_write         0x2               src/ASF/sam0/drivers/sercom/spi/spi_interrupt.o
_tc_instances       0x8               src/ASF/sam0/drivers/tc/tc_interrupt.o
_sercom_instances   0xc               src/ASF/sam0/drivers/sercom/sercom_interrupt.o
temp_compare_array  0x3               src/main.o
_extint_dev         0x40              src/ASF/sam0/drivers/extint/extint_sam_d_r_h/extint.o
_current_channel    0x1               src/ASF/sam0/drivers/extint/extint_callback.o
temp_pin_array_2    0x3               src/main.o
temp_pin_array      0x3               src/main.o
_adc_instances      0x4               src/ASF/sam0/drivers/adc/adc_sam_d_r_h/adc_callback.o
temp_compare_array_2
                    0x3               src/main.o

Discarded input sections

 .text          0x00000000        0x0 c:/program files (x86)/atmel/studio/7.0/toolchain/arm/arm-gnu-toolchain/bin/../lib/gcc/arm-none-eabi/6.2.1/thumb/v6-m/crti.o
 .data          0x00000000        0x0 c:/program files (x86)/atmel/studio/7.0/toolchain/arm/arm-gnu-toolchain/bin/../lib/gcc/arm-none-eabi/6.2.1/thumb/v6-m/crti.o
 .bss           0x00000000        0x0 c:/program files (x86)/atmel/studio/7.0/toolchain/arm/arm-gnu-toolchain/bin/../lib/gcc/arm-none-eabi/6.2.1/thumb/v6-m/crti.o
 .data          0x00000000        0x4 c:/program files (x86)/atmel/studio/7.0/toolchain/arm/arm-gnu-toolchain/bin/../lib/gcc/arm-none-eabi/6.2.1/thumb/v6-m/crtbegin.o
 .text          0x00000000       0x78 c:/program files (x86)/atmel/studio/7.0/toolchain/arm/arm-gnu-toolchain/bin/../lib/gcc/arm-none-eabi/6.2.1/../../../../arm-none-eabi/lib/thumb/v6-m/crt0.o
 .data          0x00000000        0x0 c:/program files (x86)/atmel/studio/7.0/toolchain/arm/arm-gnu-toolchain/bin/../lib/gcc/arm-none-eabi/6.2.1/../../../../arm-none-eabi/lib/thumb/v6-m/crt0.o
 .bss           0x00000000        0x0 c:/program files (x86)/atmel/studio/7.0/toolchain/arm/arm-gnu-toolchain/bin/../lib/gcc/arm-none-eabi/6.2.1/../../../../arm-none-eabi/lib/thumb/v6-m/crt0.o
[...]
Memory Configuration

Name             Origin             Length             Attributes
rom              0x00000000         0x00004000         xr
ram              0x20000000         0x00001000         xrw
*default*        0x00000000         0xffffffff

Linker script and memory map

LOAD c:/program files (x86)/atmel/studio/7.0/toolchain/arm/arm-gnu-toolchain/bin/../lib/gcc/arm-none-eabi/6.2.1/thumb/v6-m/crti.o
LOAD c:/program files (x86)/atmel/studio/7.0/toolchain/arm/arm-gnu-toolchain/bin/../lib/gcc/arm-none-eabi/6.2.1/thumb/v6-m/crtbegin.o
LOAD c:/program files (x86)/atmel/studio/7.0/toolchain/arm/arm-gnu-toolchain/bin/../lib/gcc/arm-none-eabi/6.2.1/../../../../arm-none-eabi/lib/thumb/v6-m/crt0.o
LOAD src/ASF/sam0/drivers/adc/adc_sam_d_r_h/adc.o
LOAD src/ASF/sam0/drivers/adc/adc_sam_d_r_h/adc_callback.o
LOAD src/motors.o
LOAD src/power_on_off.o
LOAD src/RGB_LED.o
LOAD src/RGB_LED_control.o
LOAD src/test.o
LOAD src/ASF/sam0/drivers/extint/extint_sam_d_r_h/extint.o
LOAD src/ASF/sam0/drivers/sercom/sercom.o
LOAD src/ASF/sam0/drivers/tcc/tcc.o
LOAD src/ASF/sam0/drivers/tcc/tcc_callback.o
LOAD src/ASF/sam0/drivers/tc/tc_sam_d_r_h/tc.o
LOAD src/ASF/sam0/drivers/tc/tc_interrupt.o
LOAD src/ASF/sam0/drivers/sercom/spi/spi.o
LOAD src/ASF/sam0/drivers/sercom/spi/spi_interrupt.o
LOAD src/ASF/sam0/drivers/sercom/sercom_interrupt.o
LOAD src/ASF/sam0/drivers/extint/extint_callback.o
LOAD src/ASF/common2/services/delay/sam0/systick_counter.o
LOAD src/ASF/sam0/drivers/port/port.o
LOAD src/ASF/common2/boards/user_board/init.o
LOAD src/ASF/common/utils/interrupt/interrupt_sam_nvic.o
LOAD src/ASF/sam0/drivers/system/clock/clock_samd09_d10_d11/clock.o
LOAD src/ASF/sam0/drivers/system/clock/clock_samd09_d10_d11/gclk.o
LOAD src/ASF/sam0/drivers/system/interrupt/system_interrupt.o
LOAD src/ASF/sam0/drivers/system/pinmux/pinmux.o
LOAD src/ASF/sam0/drivers/system/system.o
LOAD src/ASF/sam0/utils/cmsis/samd10/source/gcc/startup_samd10.o
LOAD src/ASF/sam0/utils/cmsis/samd10/source/system_samd10.o
LOAD src/ASF/sam0/utils/syscalls/gcc/syscalls.o
LOAD src/main.o
START GROUP
LOAD ../src/ASF/thirdparty/CMSIS/Lib/GCC\libarm_cortexM0l_math.a
LOAD c:/program files (x86)/atmel/studio/7.0/toolchain/arm/arm-gnu-toolchain/bin/../lib/gcc/arm-none-eabi/6.2.1/../../../../arm-none-eabi/lib/thumb/v6-m\libm.a
END GROUP
START GROUP
LOAD c:/program files (x86)/atmel/studio/7.0/toolchain/arm/arm-gnu-toolchain/bin/../lib/gcc/arm-none-eabi/6.2.1/thumb/v6-m\libgcc.a
LOAD c:/program files (x86)/atmel/studio/7.0/toolchain/arm/arm-gnu-toolchain/bin/../lib/gcc/arm-none-eabi/6.2.1/../../../../arm-none-eabi/lib/thumb/v6-m\libc_nano.a
END GROUP
START GROUP
LOAD c:/program files (x86)/atmel/studio/7.0/toolchain/arm/arm-gnu-toolchain/bin/../lib/gcc/arm-none-eabi/6.2.1/thumb/v6-m\libgcc.a
LOAD c:/program files (x86)/atmel/studio/7.0/toolchain/arm/arm-gnu-toolchain/bin/../lib/gcc/arm-none-eabi/6.2.1/../../../../arm-none-eabi/lib/thumb/v6-m\libc_nano.a
END GROUP
LOAD c:/program files (x86)/atmel/studio/7.0/toolchain/arm/arm-gnu-toolchain/bin/../lib/gcc/arm-none-eabi/6.2.1/thumb/v6-m/crtend.o
LOAD c:/program files (x86)/atmel/studio/7.0/toolchain/arm/arm-gnu-toolchain/bin/../lib/gcc/arm-none-eabi/6.2.1/thumb/v6-m/crtn.o
                0x00000400                STACK_SIZE = DEFINED (STACK_SIZE)?STACK_SIZE:DEFINED (__stack_size__)?__stack_size__:0x400

.text           0x00000000     0x1c1c
                0x00000000                . = ALIGN (0x4)
                0x00000000                _sfixed = .
 *(.vectors .vectors.*)
 .vectors       0x00000000       0x8c src/ASF/sam0/utils/cmsis/samd10/source/gcc/startup_samd10.o
                0x00000000                exception_table
 *(.text .text.* .gnu.linkonce.t.*)
 .text          0x0000008c       0x60 c:/program files (x86)/atmel/studio/7.0/toolchain/arm/arm-gnu-toolchain/bin/../lib/gcc/arm-none-eabi/6.2.1/thumb/v6-m/crtbegin.o
 .text.ADC_Handler
                0x000000ec       0xc0 src/ASF/sam0/drivers/adc/adc_sam_d_r_h/adc_callback.o
                0x000000ec                ADC_Handler
 .text.config_timer_waveform
                0x000001ac       0xa8 src/motors.o
                0x000001ac                config_timer_waveform
 .text.set_motor_left
                0x00000254       0x60 src/motors.o
                0x00000254                set_motor_left
 .text.set_motor_right
                0x000002b4       0x60 src/motors.o
                0x000002b4                set_motor_right
 .text.configure_motors
                0x00000314        0xc src/motors.o
                0x00000314                configure_motors
 .text.init_power_pin
                0x00000320       0x34 src/power_on_off.o
                0x00000320                init_power_pin
 .text.power_button_on
                0x00000354       0x14 src/power_on_off.o
                0x00000354                power_button_on
 .text.power_button_init
                0x00000368       0x14 src/power_on_off.o
                0x00000368                power_button_init
 .text.tc_callback_OF
                0x0000037c        0x2 src/RGB_LED.o
                0x0000037c                tc_callback_OF
 .text.tc_callback_PWM
                0x0000037e        0x2 src/RGB_LED.o
                0x0000037e                tc_callback_PWM
 .text.increasing_sort_tag
                0x00000380       0xb8 src/RGB_LED.o
                0x00000380                increasing_sort_tag
 .text.ORB_timer_init
                0x00000438       0x6c src/RGB_LED.o
                0x00000438                ORB_timer_init
 .text.set_drivestrength_ORB
                0x000004a4       0x18 src/RGB_LED.o
                0x000004a4                set_drivestrength_ORB
 .text.ORB_setup_pins
                0x000004bc       0x40 src/RGB_LED.o
                0x000004bc                ORB_setup_pins
 .text.ORB_timer_callbacks_init
                0x000004fc       0x28 src/RGB_LED.o
                0x000004fc                ORB_timer_callbacks_init
 .text.enable_ORB
                0x00000524       0x68 src/RGB_LED.o
                0x00000524                enable_ORB
 .text.initializing_pin_array
                0x0000058c       0x14 src/RGB_LED.o
                0x0000058c                initializing_pin_array
 .text.initializing_compare_array
                0x000005a0       0x10 src/RGB_LED.o
                0x000005a0                initializing_compare_array
 .text.ORB_init_array
                0x000005b0       0x1c src/RGB_LED.o
                0x000005b0                ORB_init_array
 .text.ORB_init
                0x000005cc       0x24 src/RGB_LED.o
                0x000005cc                ORB_init
 .text.test_motors
                0x000005f0       0x28 src/test.o
                0x000005f0                test_motors
 .text._extint_enable
                0x00000618       0x18 src/ASF/sam0/drivers/extint/extint_sam_d_r_h/extint.o
 .text._system_extint_init
                0x00000630       0x6c src/ASF/sam0/drivers/extint/extint_sam_d_r_h/extint.o
                0x00000630                _system_extint_init
 .text._tcc_get_inst_index
                0x0000069c        0x4 src/ASF/sam0/drivers/tcc/tcc.o
                0x0000069c                _tcc_get_inst_index
 .text._tcc_set_compare_value
                0x000006a0       0x58 src/ASF/sam0/drivers/tcc/tcc.o
 .text.tcc_get_config_defaults
                0x000006f8      0x13c src/ASF/sam0/drivers/tcc/tcc.o
                0x000006f8                tcc_get_config_defaults
 .text.tcc_init
                0x00000834      0x388 src/ASF/sam0/drivers/tcc/tcc.o
                0x00000834                tcc_init
 .text.tcc_set_compare_value
                0x00000bbc       0x10 src/ASF/sam0/drivers/tcc/tcc.o
                0x00000bbc                tcc_set_compare_value
 .text._tcc_interrupt_handler
                0x00000bcc       0x4c src/ASF/sam0/drivers/tcc/tcc_callback.o
                0x00000bcc                _tcc_interrupt_handler
 .text.TCC0_Handler
                0x00000c18       0x10 src/ASF/sam0/drivers/tcc/tcc_callback.o
                0x00000c18                TCC0_Handler
 .text._tc_get_inst_index
                0x00000c28       0x24 src/ASF/sam0/drivers/tc/tc_sam_d_r_h/tc.o
                0x00000c28                _tc_get_inst_index
 .text.tc_init  0x00000c4c      0x230 src/ASF/sam0/drivers/tc/tc_sam_d_r_h/tc.o
                0x00000c4c                tc_init
 .text.tc_register_callback
                0x00000e7c       0x32 src/ASF/sam0/drivers/tc/tc_interrupt.o
                0x00000e7c                tc_register_callback
 *fill*         0x00000eae        0x2 
 .text._tc_interrupt_handler
                0x00000eb0      0x2d4 src/ASF/sam0/drivers/tc/tc_interrupt.o
                0x00000eb0                _tc_interrupt_handler
 .text.TC1_Handler
                0x00001184       0x10 src/ASF/sam0/drivers/tc/tc_interrupt.o
                0x00001184                TC1_Handler
 .text.TC2_Handler
                0x00001194       0x10 src/ASF/sam0/drivers/tc/tc_interrupt.o
                0x00001194                TC2_Handler
 .text.SERCOM0_Handler
                0x000011a4       0x10 src/ASF/sam0/drivers/sercom/sercom_interrupt.o
                0x000011a4                SERCOM0_Handler
 .text.SERCOM1_Handler
                0x000011b4       0x10 src/ASF/sam0/drivers/sercom/sercom_interrupt.o
                0x000011b4                SERCOM1_Handler
 .text.SERCOM2_Handler
                0x000011c4       0x10 src/ASF/sam0/drivers/sercom/sercom_interrupt.o
                0x000011c4                SERCOM2_Handler
 .text.EIC_Handler
                0x000011d4       0x54 src/ASF/sam0/drivers/extint/extint_callback.o
                0x000011d4                EIC_Handler
 .text.delay_init
                0x00001228       0x40 src/ASF/common2/services/delay/sam0/systick_counter.o
                0x00001228                delay_init
 .text.delay_cycles_ms
                0x00001268       0x2c src/ASF/common2/services/delay/sam0/systick_counter.o
                0x00001268                delay_cycles_ms
 .text.port_pin_set_config
                0x00001294       0x24 src/ASF/sam0/drivers/port/port.o
                0x00001294                port_pin_set_config
 .text.system_board_init
                0x000012b8        0x2 src/ASF/common2/boards/user_board/init.o
                0x000012b8                board_init
                0x000012b8                system_board_init
 *fill*         0x000012ba        0x2 
 .text.cpu_irq_enter_critical
                0x000012bc       0x40 src/ASF/common/utils/interrupt/interrupt_sam_nvic.o
                0x000012bc                cpu_irq_enter_critical
 .text.cpu_irq_leave_critical
                0x000012fc       0x30 src/ASF/common/utils/interrupt/interrupt_sam_nvic.o
                0x000012fc                cpu_irq_leave_critical
 .text.system_clock_source_get_hz
                0x0000132c       0x90 src/ASF/sam0/drivers/system/clock/clock_samd09_d10_d11/clock.o
                0x0000132c                system_clock_source_get_hz
 .text.system_clock_source_osc8m_set_config
                0x000013bc       0x3c src/ASF/sam0/drivers/system/clock/clock_samd09_d10_d11/clock.o
                0x000013bc                system_clock_source_osc8m_set_config
 .text.system_clock_source_enable
                0x000013f8       0xa8 src/ASF/sam0/drivers/system/clock/clock_samd09_d10_d11/clock.o
                0x000013f8                system_clock_source_enable
 .text.system_clock_init
                0x000014a0       0x98 src/ASF/sam0/drivers/system/clock/clock_samd09_d10_d11/clock.o
                0x000014a0                system_clock_init
 .text.system_gclk_init
                0x00001538       0x24 src/ASF/sam0/drivers/system/clock/clock_samd09_d10_d11/gclk.o
                0x00001538                system_gclk_init
 .text.system_gclk_gen_set_config
                0x0000155c       0xb8 src/ASF/sam0/drivers/system/clock/clock_samd09_d10_d11/gclk.o
                0x0000155c                system_gclk_gen_set_config
 .text.system_gclk_gen_enable
                0x00001614       0x44 src/ASF/sam0/drivers/system/clock/clock_samd09_d10_d11/gclk.o
                0x00001614                system_gclk_gen_enable
 .text.system_gclk_gen_get_hz
                0x00001658       0x8c src/ASF/sam0/drivers/system/clock/clock_samd09_d10_d11/gclk.o
                0x00001658                system_gclk_gen_get_hz
 .text.system_gclk_chan_enable
                0x000016e4       0x30 src/ASF/sam0/drivers/system/clock/clock_samd09_d10_d11/gclk.o
                0x000016e4                system_gclk_chan_enable
 .text.system_gclk_chan_disable
                0x00001714       0x5c src/ASF/sam0/drivers/system/clock/clock_samd09_d10_d11/gclk.o
                0x00001714                system_gclk_chan_disable
 .text.system_gclk_chan_set_config
                0x00001770       0x1c src/ASF/sam0/drivers/system/clock/clock_samd09_d10_d11/gclk.o
                0x00001770                system_gclk_chan_set_config
 .text.system_gclk_chan_get_hz
                0x0000178c       0x34 src/ASF/sam0/drivers/system/clock/clock_samd09_d10_d11/gclk.o
                0x0000178c                system_gclk_chan_get_hz
 .text._system_pinmux_config
                0x000017c0       0xa8 src/ASF/sam0/drivers/system/pinmux/pinmux.o
 .text.system_pinmux_pin_set_config
                0x00001868       0x30 src/ASF/sam0/drivers/system/pinmux/pinmux.o
                0x00001868                system_pinmux_pin_set_config
 .text.system_pinmux_group_set_output_strength
                0x00001898       0x46 src/ASF/sam0/drivers/system/pinmux/pinmux.o
                0x00001898                system_pinmux_group_set_output_strength
 .text._system_dummy_init
                0x000018de        0x2 src/ASF/sam0/drivers/system/system.o
                0x000018de                _system_events_init
                0x000018de                _system_dummy_init
                0x000018de                _system_divas_init
 .text.system_init
                0x000018e0       0x2c src/ASF/sam0/drivers/system/system.o
                0x000018e0                system_init
 .text.Dummy_Handler
                0x0000190c        0x2 src/ASF/sam0/utils/cmsis/samd10/source/gcc/startup_samd10.o
                0x0000190c                DMAC_Handler
                0x0000190c                HardFault_Handler
                0x0000190c                AC_Handler
                0x0000190c                SysTick_Handler
                0x0000190c                PendSV_Handler
                0x0000190c                NMI_Handler
                0x0000190c                RTC_Handler
                0x0000190c                WDT_Handler
                0x0000190c                Dummy_Handler
                0x0000190c                PM_Handler
                0x0000190c                SVC_Handler
                0x0000190c                EVSYS_Handler
                0x0000190c                NVMCTRL_Handler
                0x0000190c                DAC_Handler
                0x0000190c                PTC_Handler
                0x0000190c                SYSCTRL_Handler
 *fill*         0x0000190e        0x2 
 .text.Reset_Handler
                0x00001910       0xd0 src/ASF/sam0/utils/cmsis/samd10/source/gcc/startup_samd10.o
                0x00001910                Reset_Handler
 .text.main     0x000019e0       0x3c src/main.o
                0x000019e0                main
 .text          0x00001a1c      0x114 c:/program files (x86)/atmel/studio/7.0/toolchain/arm/arm-gnu-toolchain/bin/../lib/gcc/arm-none-eabi/6.2.1/thumb/v6-m\libgcc.a(_udivsi3.o)
                0x00001a1c                __aeabi_uidiv
                0x00001a1c                __udivsi3
                0x00001b28                __aeabi_uidivmod
 .text          0x00001b30        0x4 c:/program files (x86)/atmel/studio/7.0/toolchain/arm/arm-gnu-toolchain/bin/../lib/gcc/arm-none-eabi/6.2.1/thumb/v6-m\libgcc.a(_dvmd_tls.o)
                0x00001b30                __aeabi_idiv0
                0x00001b30                __aeabi_ldiv0
 .text.__libc_init_array
                0x00001b34       0x48 c:/program files (x86)/atmel/studio/7.0/toolchain/arm/arm-gnu-toolchain/bin/../lib/gcc/arm-none-eabi/6.2.1/../../../../arm-none-eabi/lib/thumb/v6-m\libc_nano.a(lib_a-init.o)
                0x00001b34                __libc_init_array
 *(.glue_7t)
 .glue_7t       0x00001b7c        0x0 linker stubs
 *(.glue_7)
 .glue_7        0x00001b7c        0x0 linker stubs
 *(.rodata .rodata* .gnu.linkonce.r.*)
 .rodata.tc_interrupt_vectors.12144
                0x00001b7c        0x2 src/RGB_LED.o
 *fill*         0x00001b7e        0x2 
 .rodata._tcc_intflag
                0x00001b80       0x30 src/ASF/sam0/drivers/tcc/tcc_callback.o
                0x00001b80                _tcc_intflag
 .rodata.tc_interrupt_vectors.11123
                0x00001bb0        0x2 src/ASF/sam0/drivers/tc/tc_interrupt.o
 *fill*         0x00001bb2        0x2 
 .rodata.system_clock_source_get_hz
                0x00001bb4       0x24 src/ASF/sam0/drivers/system/clock/clock_samd09_d10_d11/clock.o
 .rodata.system_clock_source_enable
                0x00001bd8       0x24 src/ASF/sam0/drivers/system/clock/clock_samd09_d10_d11/clock.o
 *(.ARM.extab* .gnu.linkonce.armextab.*)
                0x00001bfc                . = ALIGN (0x4)
 *(.init)
 .init          0x00001bfc        0x4 c:/program files (x86)/atmel/studio/7.0/toolchain/arm/arm-gnu-toolchain/bin/../lib/gcc/arm-none-eabi/6.2.1/thumb/v6-m/crti.o
                0x00001bfc                _init
 .init          0x00001c00        0x8 c:/program files (x86)/atmel/studio/7.0/toolchain/arm/arm-gnu-toolchain/bin/../lib/gcc/arm-none-eabi/6.2.1/thumb/v6-m/crtn.o
                0x00001c08                . = ALIGN (0x4)
                0x00001c08                __preinit_array_start = .
 *(.preinit_array)
                0x00001c08                __preinit_array_end = .
                0x00001c08                . = ALIGN (0x4)
                0x00001c08                __init_array_start = .
 *(SORT(.init_array.*))
 *(.init_array)
 .init_array    0x00001c08        0x4 c:/program files (x86)/atmel/studio/7.0/toolchain/arm/arm-gnu-toolchain/bin/../lib/gcc/arm-none-eabi/6.2.1/thumb/v6-m/crtbegin.o
                0x00001c0c                __init_array_end = .
                0x00001c0c                . = ALIGN (0x4)
 *crtbegin.o(.ctors)
 *(EXCLUDE_FILE(*crtend.o) .ctors)
 *(SORT(.ctors.*))
 *crtend.o(.ctors)
                0x00001c0c                . = ALIGN (0x4)
 *(.fini)
 .fini          0x00001c0c        0x4 c:/program files (x86)/atmel/studio/7.0/toolchain/arm/arm-gnu-toolchain/bin/../lib/gcc/arm-none-eabi/6.2.1/thumb/v6-m/crti.o
                0x00001c0c                _fini
 .fini          0x00001c10        0x8 c:/program files (x86)/atmel/studio/7.0/toolchain/arm/arm-gnu-toolchain/bin/../lib/gcc/arm-none-eabi/6.2.1/thumb/v6-m/crtn.o
                0x00001c18                . = ALIGN (0x4)
                0x00001c18                __fini_array_start = .
 *(.fini_array)
 .fini_array    0x00001c18        0x4 c:/program files (x86)/atmel/studio/7.0/toolchain/arm/arm-gnu-toolchain/bin/../lib/gcc/arm-none-eabi/6.2.1/thumb/v6-m/crtbegin.o
 *(SORT(.fini_array.*))
                0x00001c1c                __fini_array_end = .
 *crtbegin.o(.dtors)
 *(EXCLUDE_FILE(*crtend.o) .dtors)
 *(SORT(.dtors.*))
 *crtend.o(.dtors)
                0x00001c1c                . = ALIGN (0x4)
                0x00001c1c                _efixed = .
                [!provide]                PROVIDE (__exidx_start, .)

.vfp11_veneer   0x00001c1c        0x0
 .vfp11_veneer  0x00001c1c        0x0 linker stubs

.v4_bx          0x00001c1c        0x0
 .v4_bx         0x00001c1c        0x0 linker stubs

.iplt           0x00001c1c        0x0
 .iplt          0x00001c1c        0x0 c:/program files (x86)/atmel/studio/7.0/toolchain/arm/arm-gnu-toolchain/bin/../lib/gcc/arm-none-eabi/6.2.1/thumb/v6-m/crtbegin.o

.eh_frame       0x00001c1c        0x0
 .eh_frame      0x00001c1c        0x0 c:/program files (x86)/atmel/studio/7.0/toolchain/arm/arm-gnu-toolchain/bin/../lib/gcc/arm-none-eabi/6.2.1/thumb/v6-m/crtbegin.o

.rel.dyn        0x00001c1c        0x0
 .rel.iplt      0x00001c1c        0x0 c:/program files (x86)/atmel/studio/7.0/toolchain/arm/arm-gnu-toolchain/bin/../lib/gcc/arm-none-eabi/6.2.1/thumb/v6-m/crtbegin.o

.jcr            0x00001c1c        0x0
 .jcr           0x00001c1c        0x0 c:/program files (x86)/atmel/studio/7.0/toolchain/arm/arm-gnu-toolchain/bin/../lib/gcc/arm-none-eabi/6.2.1/thumb/v6-m/crtbegin.o

.igot.plt       0x00001c1c        0x0
 .igot.plt      0x00001c1c        0x0 c:/program files (x86)/atmel/studio/7.0/toolchain/arm/arm-gnu-toolchain/bin/../lib/gcc/arm-none-eabi/6.2.1/thumb/v6-m/crtbegin.o

.ARM.exidx
 *(.ARM.exidx* .gnu.linkonce.armexidx.*)
                [!provide]                PROVIDE (__exidx_end, .)
                0x00001c1c                . = ALIGN (0x4)
                0x00001c1c                _etext = .

.relocate       0x20000000       0x10 load address 0x00001c1c
                0x20000000                . = ALIGN (0x4)
                0x20000000                _srelocate = .
 *(.ramfunc .ramfunc.*)
 *(.data .data.*)
 .data.N_valid_compares
                0x20000000        0x1 src/ASF/sam0/drivers/tc/tc_interrupt.o
                0x20000000                N_valid_compares
 .data.first_time.11181
                0x20000001        0x1 src/ASF/sam0/drivers/tc/tc_interrupt.o
 *fill*         0x20000002        0x2 
 .data.cycles_per_ms
                0x20000004        0x4 src/ASF/common2/services/delay/sam0/systick_counter.o
 .data.cycles_per_us
                0x20000008        0x4 src/ASF/common2/services/delay/sam0/systick_counter.o
 .data.g_interrupt_enabled
                0x2000000c        0x1 src/ASF/common/utils/interrupt/interrupt_sam_nvic.o
                0x2000000c                g_interrupt_enabled
                0x20000010                . = ALIGN (0x4)
 *fill*         0x2000000d        0x3 
                0x20000010                _erelocate = .

.bss            0x20000010      0x11c load address 0x00001c2c
                0x20000010                . = ALIGN (0x4)
                0x20000010                _sbss = .
                0x20000010                _szero = .
 *(.bss .bss.*)
 .bss           0x20000010       0x1c c:/program files (x86)/atmel/studio/7.0/toolchain/arm/arm-gnu-toolchain/bin/../lib/gcc/arm-none-eabi/6.2.1/thumb/v6-m/crtbegin.o
 .bss.old_left_dir.12578
                0x2000002c        0x1 src/motors.o
 .bss.old_left_speed.12579
                0x2000002d        0x1 src/motors.o
 .bss.old_right_dir.12584
                0x2000002e        0x1 src/motors.o
 .bss.old_right_speed.12585
                0x2000002f        0x1 src/motors.o
 .bss.tcc_instance0
                0x20000030       0x40 src/motors.o
 .bss.compare_array.11182
                0x20000070        0x3 src/ASF/sam0/drivers/tc/tc_interrupt.o
 .bss.compare_array_ID.11183
                0x20000073        0x1 src/ASF/sam0/drivers/tc/tc_interrupt.o
 .bss.compare_value_current.11180
                0x20000074        0x1 src/ASF/sam0/drivers/tc/tc_interrupt.o
 .bss.compare_value_last.11179
                0x20000075        0x1 src/ASF/sam0/drivers/tc/tc_interrupt.o
 .bss.int_enable.11174
                0x20000076        0x1 src/ASF/sam0/drivers/tc/tc_interrupt.o
 .bss.led_disable_flag.11175
                0x20000077        0x1 src/ASF/sam0/drivers/tc/tc_interrupt.o
 .bss.pin_array.11184
                0x20000078        0x3 src/ASF/sam0/drivers/tc/tc_interrupt.o
 .bss.pin_array_ID.11185
                0x2000007b        0x1 src/ASF/sam0/drivers/tc/tc_interrupt.o
 .bss._sercom_interrupt_handlers
                0x2000007c        0xc src/ASF/sam0/drivers/sercom/sercom_interrupt.o
 .bss.cpu_irq_critical_section_counter
                0x20000088        0x4 src/ASF/common/utils/interrupt/interrupt_sam_nvic.o
 .bss.cpu_irq_prev_interrupt_state
                0x2000008c        0x1 src/ASF/common/utils/interrupt/interrupt_sam_nvic.o
 *fill*         0x2000008d        0x3 
 .bss._system_clock_inst
                0x20000090       0x18 src/ASF/sam0/drivers/system/clock/clock_samd09_d10_d11/clock.o
 .bss.lock_temp_array
                0x200000a8        0x1 src/main.o
                0x200000a8                lock_temp_array
 .bss.serial_timeout
                0x200000a9        0x1 src/main.o
                0x200000a9                serial_timeout
 .bss.serial_timeout_count
                0x200000aa        0x1 src/main.o
                0x200000aa                serial_timeout_count
 .bss.update_compare_array
                0x200000ab        0x1 src/main.o
                0x200000ab                update_compare_array
 *(COMMON)
 COMMON         0x200000ac        0x4 src/ASF/sam0/drivers/adc/adc_sam_d_r_h/adc_callback.o
                0x200000ac                _adc_instances
 COMMON         0x200000b0       0x1c src/RGB_LED.o
                0x200000b0                orb_tc_instance
 COMMON         0x200000cc       0x40 src/ASF/sam0/drivers/extint/extint_sam_d_r_h/extint.o
                0x200000cc                _extint_dev
 COMMON         0x2000010c        0x4 src/ASF/sam0/drivers/tcc/tcc_callback.o
                0x2000010c                _tcc_instances
 COMMON         0x20000110        0x8 src/ASF/sam0/drivers/tc/tc_interrupt.o
                0x20000110                _tc_instances
 COMMON         0x20000118        0x1 src/ASF/sam0/drivers/extint/extint_callback.o
                0x20000118                _current_channel
 *fill*         0x20000119        0x3 
 COMMON         0x2000011c        0xf src/main.o
                0x2000011c                temp_compare_array
                0x20000120                temp_pin_array_2
                0x20000124                temp_pin_array
                0x20000128                temp_compare_array_2
                0x2000012c                . = ALIGN (0x4)
 *fill*         0x2000012b        0x1 
                0x2000012c                _ebss = .
                0x2000012c                _ezero = .

.stack          0x2000012c      0x404 load address 0x00001d48
                0x20000130                . = ALIGN (0x8)
 *fill*         0x2000012c        0x4 
                0x20000130                _sstack = .
                0x20000530                . = (. + STACK_SIZE)
 *fill*         0x20000130      0x400 
                0x20000530                . = ALIGN (0x8)
                0x20000530                _estack = .
                0x20000530                . = ALIGN (0x4)
                0x20000530                _end = .
OUTPUT(FinchBit_SPI.elf elf32-littlearm)

.ARM.attributes
                0x00000000       0x28
 .ARM.attributes
                0x00000000       0x1e c:/program files (x86)/atmel/studio/7.0/toolchain/arm/arm-gnu-toolchain/bin/../lib/gcc/arm-none-eabi/6.2.1/thumb/v6-m/crti.o
 .ARM.attributes
                0x0000001e       0x2c c:/program files (x86)/atmel/studio/7.0/toolchain/arm/arm-gnu-toolchain/bin/../lib/gcc/arm-none-eabi/6.2.1/thumb/v6-m/crtbegin.o
 .ARM.attributes
                0x0000004a       0x32 src/ASF/sam0/drivers/adc/adc_sam_d_r_h/adc_callback.o
 .ARM.attributes
                0x0000007c       0x32 src/motors.o
 .ARM.attributes
                0x000000ae       0x32 src/power_on_off.o
 .ARM.attributes
                0x000000e0       0x32 src/RGB_LED.o
 .ARM.attributes
                0x00000112       0x32 src/test.o
 .ARM.attributes
                0x00000144       0x32 src/ASF/sam0/drivers/extint/extint_sam_d_r_h/extint.o
 .ARM.attributes
                0x00000176       0x32 src/ASF/sam0/drivers/tcc/tcc.o
 .ARM.attributes
                0x000001a8       0x32 src/ASF/sam0/drivers/tcc/tcc_callback.o
 .ARM.attributes
                0x000001da       0x32 src/ASF/sam0/drivers/tc/tc_sam_d_r_h/tc.o
 .ARM.attributes
                0x0000020c       0x32 src/ASF/sam0/drivers/tc/tc_interrupt.o
 .ARM.attributes
                0x0000023e       0x32 src/ASF/sam0/drivers/sercom/sercom_interrupt.o
 .ARM.attributes
                0x00000270       0x32 src/ASF/sam0/drivers/extint/extint_callback.o
 .ARM.attributes
                0x000002a2       0x32 src/ASF/common2/services/delay/sam0/systick_counter.o
 .ARM.attributes
                0x000002d4       0x32 src/ASF/sam0/drivers/port/port.o
 .ARM.attributes
                0x00000306       0x32 src/ASF/common2/boards/user_board/init.o
 .ARM.attributes
                0x00000338       0x32 src/ASF/common/utils/interrupt/interrupt_sam_nvic.o
 .ARM.attributes
                0x0000036a       0x32 src/ASF/sam0/drivers/system/clock/clock_samd09_d10_d11/clock.o
 .ARM.attributes
                0x0000039c       0x32 src/ASF/sam0/drivers/system/clock/clock_samd09_d10_d11/gclk.o
 .ARM.attributes
                0x000003ce       0x32 src/ASF/sam0/drivers/system/pinmux/pinmux.o
 .ARM.attributes
                0x00000400       0x32 src/ASF/sam0/drivers/system/system.o
 .ARM.attributes
                0x00000432       0x32 src/ASF/sam0/utils/cmsis/samd10/source/gcc/startup_samd10.o
 .ARM.attributes
                0x00000464       0x32 src/main.o
 .ARM.attributes
                0x00000496       0x1e c:/program files (x86)/atmel/studio/7.0/toolchain/arm/arm-gnu-toolchain/bin/../lib/gcc/arm-none-eabi/6.2.1/thumb/v6-m\libgcc.a(_udivsi3.o)
 .ARM.attributes
                0x000004b4       0x1e c:/program files (x86)/atmel/studio/7.0/toolchain/arm/arm-gnu-toolchain/bin/../lib/gcc/arm-none-eabi/6.2.1/thumb/v6-m\libgcc.a(_dvmd_tls.o)
 .ARM.attributes
                0x000004d2       0x2c c:/program files (x86)/atmel/studio/7.0/toolchain/arm/arm-gnu-toolchain/bin/../lib/gcc/arm-none-eabi/6.2.1/../../../../arm-none-eabi/lib/thumb/v6-m\libc_nano.a(lib_a-init.o)
 .ARM.attributes
                0x000004fe       0x1e c:/program files (x86)/atmel/studio/7.0/toolchain/arm/arm-gnu-toolchain/bin/../lib/gcc/arm-none-eabi/6.2.1/thumb/v6-m/crtn.o

.comment        0x00000000       0x59
 .comment       0x00000000       0x59 src/ASF/sam0/drivers/adc/adc_sam_d_r_h/adc_callback.o
                                 0x5a (size before relaxing)
 .comment       0x00000059       0x5a src/motors.o
 .comment       0x00000059       0x5a src/power_on_off.o
 .comment       0x00000059       0x5a src/RGB_LED.o
 .comment       0x00000059       0x5a src/test.o
 .comment       0x00000059       0x5a src/ASF/sam0/drivers/extint/extint_sam_d_r_h/extint.o
 .comment       0x00000059       0x5a src/ASF/sam0/drivers/tcc/tcc.o
 .comment       0x00000059       0x5a src/ASF/sam0/drivers/tcc/tcc_callback.o
 .comment       0x00000059       0x5a src/ASF/sam0/drivers/tc/tc_sam_d_r_h/tc.o
 .comment       0x00000059       0x5a src/ASF/sam0/drivers/tc/tc_interrupt.o
 .comment       0x00000059       0x5a src/ASF/sam0/drivers/sercom/sercom_interrupt.o
 .comment       0x00000059       0x5a src/ASF/sam0/drivers/extint/extint_callback.o
 .comment       0x00000059       0x5a src/ASF/common2/services/delay/sam0/systick_counter.o
 .comment       0x00000059       0x5a src/ASF/sam0/drivers/port/port.o
 .comment       0x00000059       0x5a src/ASF/common2/boards/user_board/init.o
 .comment       0x00000059       0x5a src/ASF/common/utils/interrupt/interrupt_sam_nvic.o
 .comment       0x00000059       0x5a src/ASF/sam0/drivers/system/clock/clock_samd09_d10_d11/clock.o
 .comment       0x00000059       0x5a src/ASF/sam0/drivers/system/clock/clock_samd09_d10_d11/gclk.o
 .comment       0x00000059       0x5a src/ASF/sam0/drivers/system/pinmux/pinmux.o
 .comment       0x00000059       0x5a src/ASF/sam0/drivers/system/system.o
 .comment       0x00000059       0x5a src/ASF/sam0/utils/cmsis/samd10/source/gcc/startup_samd10.o
 .comment       0x00000059       0x5a src/main.o

.debug_info     0x00000000    0x2f3cb
 .debug_info    0x00000000     0x1bbe src/ASF/sam0/drivers/adc/adc_sam_d_r_h/adc_callback.o
 .debug_info    0x00001bbe     0x4a0e src/motors.o
 .debug_info    0x000065cc     0x20b2 src/power_on_off.o
 .debug_info    0x0000867e     0x3995 src/RGB_LED.o
 .debug_info    0x0000c013     0x1890 src/test.o
 .debug_info    0x0000d8a3     0x275c src/ASF/sam0/drivers/extint/extint_sam_d_r_h/extint.o
 .debug_info    0x0000ffff     0x4b74 src/ASF/sam0/drivers/tcc/tcc.o
 .debug_info    0x00014b73     0x302b src/ASF/sam0/drivers/tcc/tcc_callback.o
 .debug_info    0x00017b9e     0x2eb9 src/ASF/sam0/drivers/tc/tc_sam_d_r_h/tc.o
 .debug_info    0x0001aa57     0x2035 src/ASF/sam0/drivers/tc/tc_interrupt.o
 .debug_info    0x0001ca8c     0x2af8 src/ASF/sam0/drivers/sercom/sercom_interrupt.o
 .debug_info    0x0001f584     0x16d0 src/ASF/sam0/drivers/extint/extint_callback.o
 .debug_info    0x00020c54      0xb81 src/ASF/common2/services/delay/sam0/systick_counter.o
 .debug_info    0x000217d5     0x12ac src/ASF/sam0/drivers/port/port.o
 .debug_info    0x00022a81     0x1694 src/ASF/common2/boards/user_board/init.o
 .debug_info    0x00024115      0xafb src/ASF/common/utils/interrupt/interrupt_sam_nvic.o
 .debug_info    0x00024c10     0x3654 src/ASF/sam0/drivers/system/clock/clock_samd09_d10_d11/clock.o
 .debug_info    0x00028264     0x1e47 src/ASF/sam0/drivers/system/clock/clock_samd09_d10_d11/gclk.o
 .debug_info    0x0002a0ab     0x13ea src/ASF/sam0/drivers/system/pinmux/pinmux.o
 .debug_info    0x0002b495      0xa67 src/ASF/sam0/drivers/system/system.o
 .debug_info    0x0002befc     0x1ab0 src/ASF/sam0/utils/cmsis/samd10/source/gcc/startup_samd10.o
 .debug_info    0x0002d9ac     0x1a1f src/main.o

.debug_abbrev   0x00000000     0x47f9
 .debug_abbrev  0x00000000      0x3b8 src/ASF/sam0/drivers/adc/adc_sam_d_r_h/adc_callback.o
 .debug_abbrev  0x000003b8      0x355 src/motors.o
 .debug_abbrev  0x0000070d      0x361 src/power_on_off.o
 .debug_abbrev  0x00000a6e      0x496 src/RGB_LED.o
 .debug_abbrev  0x00000f04      0x263 src/test.o
 .debug_abbrev  0x00001167      0x4a7 src/ASF/sam0/drivers/extint/extint_sam_d_r_h/extint.o
 .debug_abbrev  0x0000160e      0x49b src/ASF/sam0/drivers/tcc/tcc.o
 .debug_abbrev  0x00001aa9      0x389 src/ASF/sam0/drivers/tcc/tcc_callback.o
 .debug_abbrev  0x00001e32      0x44f src/ASF/sam0/drivers/tc/tc_sam_d_r_h/tc.o
 .debug_abbrev  0x00002281      0x41d src/ASF/sam0/drivers/tc/tc_interrupt.o
 .debug_abbrev  0x0000269e      0x2da src/ASF/sam0/drivers/sercom/sercom_interrupt.o
 .debug_abbrev  0x00002978      0x333 src/ASF/sam0/drivers/extint/extint_callback.o
 .debug_abbrev  0x00002cab      0x24b src/ASF/common2/services/delay/sam0/systick_counter.o
 .debug_abbrev  0x00002ef6      0x298 src/ASF/sam0/drivers/port/port.o
 .debug_abbrev  0x0000318e      0x21e src/ASF/common2/boards/user_board/init.o
 .debug_abbrev  0x000033ac      0x22c src/ASF/common/utils/interrupt/interrupt_sam_nvic.o
 .debug_abbrev  0x000035d8      0x465 src/ASF/sam0/drivers/system/clock/clock_samd09_d10_d11/clock.o
 .debug_abbrev  0x00003a3d      0x3f1 src/ASF/sam0/drivers/system/clock/clock_samd09_d10_d11/gclk.o
 .debug_abbrev  0x00003e2e      0x36e src/ASF/sam0/drivers/system/pinmux/pinmux.o
 .debug_abbrev  0x0000419c      0x1e1 src/ASF/sam0/drivers/system/system.o
 .debug_abbrev  0x0000437d      0x200 src/ASF/sam0/utils/cmsis/samd10/source/gcc/startup_samd10.o
 .debug_abbrev  0x0000457d      0x27c src/main.o

.debug_loc      0x00000000     0x5375
 .debug_loc     0x00000000      0x34a src/ASF/sam0/drivers/adc/adc_sam_d_r_h/adc_callback.o
 .debug_loc     0x0000034a      0x301 src/motors.o
 .debug_loc     0x0000064b      0x164 src/power_on_off.o
 .debug_loc     0x000007af      0x38f src/RGB_LED.o
 .debug_loc     0x00000b3e      0x119 src/test.o
 .debug_loc     0x00000c57      0x43d src/ASF/sam0/drivers/extint/extint_sam_d_r_h/extint.o
 .debug_loc     0x00001094     0x12f8 src/ASF/sam0/drivers/tcc/tcc.o
 .debug_loc     0x0000238c      0x205 src/ASF/sam0/drivers/tcc/tcc_callback.o
 .debug_loc     0x00002591      0xdb9 src/ASF/sam0/drivers/tc/tc_sam_d_r_h/tc.o
 .debug_loc     0x0000334a      0x23f src/ASF/sam0/drivers/tc/tc_interrupt.o
 .debug_loc     0x00003589      0x139 src/ASF/sam0/drivers/sercom/sercom_interrupt.o
 .debug_loc     0x000036c2      0x2ac src/ASF/sam0/drivers/extint/extint_callback.o
 .debug_loc     0x0000396e       0xe4 src/ASF/common2/services/delay/sam0/systick_counter.o
 .debug_loc     0x00003a52      0x13d src/ASF/sam0/drivers/port/port.o
 .debug_loc     0x00003b8f      0xef5 src/ASF/sam0/drivers/system/clock/clock_samd09_d10_d11/clock.o
 .debug_loc     0x00004a84      0x504 src/ASF/sam0/drivers/system/clock/clock_samd09_d10_d11/gclk.o
 .debug_loc     0x00004f88      0x36d src/ASF/sam0/drivers/system/pinmux/pinmux.o
 .debug_loc     0x000052f5       0x20 src/ASF/sam0/drivers/system/system.o
 .debug_loc     0x00005315       0x40 src/ASF/sam0/utils/cmsis/samd10/source/gcc/startup_samd10.o
 .debug_loc     0x00005355       0x20 src/main.o

.debug_aranges  0x00000000      0x650
 .debug_aranges
                0x00000000       0x48 src/ASF/sam0/drivers/adc/adc_sam_d_r_h/adc_callback.o
 .debug_aranges
                0x00000048       0x48 src/motors.o
 .debug_aranges
                0x00000090       0x50 src/power_on_off.o
 .debug_aranges
                0x000000e0       0x90 src/RGB_LED.o
 .debug_aranges
                0x00000170       0x28 src/test.o
 .debug_aranges
                0x00000198       0x50 src/ASF/sam0/drivers/extint/extint_sam_d_r_h/extint.o
 .debug_aranges
                0x000001e8       0xb0 src/ASF/sam0/drivers/tcc/tcc.o
 .debug_aranges
                0x00000298       0x48 src/ASF/sam0/drivers/tcc/tcc_callback.o
 .debug_aranges
                0x000002e0       0x58 src/ASF/sam0/drivers/tc/tc_sam_d_r_h/tc.o
 .debug_aranges
                0x00000338       0x40 src/ASF/sam0/drivers/tc/tc_interrupt.o
 .debug_aranges
                0x00000378       0x48 src/ASF/sam0/drivers/sercom/sercom_interrupt.o
 .debug_aranges
                0x000003c0       0x48 src/ASF/sam0/drivers/extint/extint_callback.o
 .debug_aranges
                0x00000408       0x30 src/ASF/common2/services/delay/sam0/systick_counter.o
 .debug_aranges
                0x00000438       0x28 src/ASF/sam0/drivers/port/port.o
 .debug_aranges
                0x00000460       0x20 src/ASF/common2/boards/user_board/init.o
 .debug_aranges
                0x00000480       0x28 src/ASF/common/utils/interrupt/interrupt_sam_nvic.o
 .debug_aranges
                0x000004a8       0x78 src/ASF/sam0/drivers/system/clock/clock_samd09_d10_d11/clock.o
 .debug_aranges
                0x00000520       0x80 src/ASF/sam0/drivers/system/clock/clock_samd09_d10_d11/gclk.o
 .debug_aranges
                0x000005a0       0x40 src/ASF/sam0/drivers/system/pinmux/pinmux.o
 .debug_aranges
                0x000005e0       0x28 src/ASF/sam0/drivers/system/system.o
 .debug_aranges
                0x00000608       0x28 src/ASF/sam0/utils/cmsis/samd10/source/gcc/startup_samd10.o
 .debug_aranges
                0x00000630       0x20 src/main.o

.debug_ranges   0x00000000      0x670
 .debug_ranges  0x00000000       0x50 src/ASF/sam0/drivers/adc/adc_sam_d_r_h/adc_callback.o
 .debug_ranges  0x00000050       0x38 src/motors.o
 .debug_ranges  0x00000088       0x40 src/power_on_off.o
 .debug_ranges  0x000000c8       0x80 src/RGB_LED.o
 .debug_ranges  0x00000148       0x18 src/test.o
 .debug_ranges  0x00000160       0x40 src/ASF/sam0/drivers/extint/extint_sam_d_r_h/extint.o
 .debug_ranges  0x000001a0      0x118 src/ASF/sam0/drivers/tcc/tcc.o
 .debug_ranges  0x000002b8       0x38 src/ASF/sam0/drivers/tcc/tcc_callback.o
 .debug_ranges  0x000002f0       0x98 src/ASF/sam0/drivers/tc/tc_sam_d_r_h/tc.o
 .debug_ranges  0x00000388       0x30 src/ASF/sam0/drivers/tc/tc_interrupt.o
 .debug_ranges  0x000003b8       0x38 src/ASF/sam0/drivers/sercom/sercom_interrupt.o
 .debug_ranges  0x000003f0       0x90 src/ASF/sam0/drivers/extint/extint_callback.o
 .debug_ranges  0x00000480       0x50 src/ASF/common2/services/delay/sam0/systick_counter.o
 .debug_ranges  0x000004d0       0x18 src/ASF/sam0/drivers/port/port.o
 .debug_ranges  0x000004e8       0x10 src/ASF/common2/boards/user_board/init.o
 .debug_ranges  0x000004f8       0x18 src/ASF/common/utils/interrupt/interrupt_sam_nvic.o
 .debug_ranges  0x00000510       0x68 src/ASF/sam0/drivers/system/clock/clock_samd09_d10_d11/clock.o
 .debug_ranges  0x00000578       0x88 src/ASF/sam0/drivers/system/clock/clock_samd09_d10_d11/gclk.o
 .debug_ranges  0x00000600       0x30 src/ASF/sam0/drivers/system/pinmux/pinmux.o
 .debug_ranges  0x00000630       0x18 src/ASF/sam0/drivers/system/system.o
 .debug_ranges  0x00000648       0x18 src/ASF/sam0/utils/cmsis/samd10/source/gcc/startup_samd10.o
 .debug_ranges  0x00000660       0x10 src/main.o

.debug_macro    0x00000000     0x7ccb
 .debug_macro   0x00000000      0x51c src/ASF/sam0/drivers/adc/adc_sam_d_r_h/adc_callback.o
 .debug_macro   0x0000051c      0x63e src/motors.o
 .debug_macro   0x00000b5a       0x1c src/motors.o
 .debug_macro   0x00000b76       0x16 src/motors.o
 .debug_macro   0x00000b8c       0x1f src/motors.o
 .debug_macro   0x00000bab      0x2c6 src/motors.o
 .debug_macro   0x00000e71       0x11 src/motors.o
 .debug_macro   0x00000e82       0x5e src/motors.o
 .debug_macro   0x00000ee0       0x10 src/motors.o
 .debug_macro   0x00000ef0       0x16 src/motors.o
 .debug_macro   0x00000f06       0x16 src/motors.o
 .debug_macro   0x00000f1c       0x35 src/motors.o
 .debug_macro   0x00000f51       0x6c src/motors.o
 .debug_macro   0x00000fbd       0x8f src/motors.o
 .debug_macro   0x0000104c       0x88 src/motors.o
 .debug_macro   0x000010d4       0x3a src/motors.o
 .debug_macro   0x0000110e      0x640 src/power_on_off.o
 .debug_macro   0x0000174e       0x22 src/power_on_off.o
 .debug_macro   0x00001770      0x650 src/RGB_LED.o
 .debug_macro   0x00001dc0       0x1c src/RGB_LED.o
 .debug_macro   0x00001ddc      0x64b src/test.o
 .debug_macro   0x00002427      0x519 src/ASF/sam0/drivers/extint/extint_sam_d_r_h/extint.o
 .debug_macro   0x00002940       0x16 src/ASF/sam0/drivers/extint/extint_sam_d_r_h/extint.o
 .debug_macro   0x00002956      0x5e1 src/ASF/sam0/drivers/tcc/tcc.o
 .debug_macro   0x00002f37       0x19 src/ASF/sam0/drivers/tcc/tcc.o
 .debug_macro   0x00002f50       0x74 src/ASF/sam0/drivers/tcc/tcc.o
 .debug_macro   0x00002fc4      0x514 src/ASF/sam0/drivers/tcc/tcc_callback.o
 .debug_macro   0x000034d8      0x523 src/ASF/sam0/drivers/tc/tc_sam_d_r_h/tc.o
 .debug_macro   0x000039fb       0x19 src/ASF/sam0/drivers/tc/tc_sam_d_r_h/tc.o
 .debug_macro   0x00003a14       0x51 src/ASF/sam0/drivers/tc/tc_sam_d_r_h/tc.o
 .debug_macro   0x00003a65      0x544 src/ASF/sam0/drivers/tc/tc_interrupt.o
 .debug_macro   0x00003fa9      0x524 src/ASF/sam0/drivers/sercom/sercom_interrupt.o
 .debug_macro   0x000044cd      0x4bf src/ASF/sam0/drivers/extint/extint_callback.o
 .debug_macro   0x0000498c       0x19 src/ASF/sam0/drivers/extint/extint_callback.o
 .debug_macro   0x000049a5      0x4d5 src/ASF/common2/services/delay/sam0/systick_counter.o
 .debug_macro   0x00004e7a       0x16 src/ASF/common2/services/delay/sam0/systick_counter.o
 .debug_macro   0x00004e90      0x4b6 src/ASF/sam0/drivers/port/port.o
 .debug_macro   0x00005346      0x636 src/ASF/common2/boards/user_board/init.o
 .debug_macro   0x0000597c      0x49a src/ASF/common/utils/interrupt/interrupt_sam_nvic.o
 .debug_macro   0x00005e16      0x4ff src/ASF/sam0/drivers/system/clock/clock_samd09_d10_d11/clock.o
 .debug_macro   0x00006315      0x234 src/ASF/sam0/drivers/system/clock/clock_samd09_d10_d11/clock.o
 .debug_macro   0x00006549      0x4d0 src/ASF/sam0/drivers/system/clock/clock_samd09_d10_d11/gclk.o
 .debug_macro   0x00006a19      0x4aa src/ASF/sam0/drivers/system/pinmux/pinmux.o
 .debug_macro   0x00006ec3       0x12 src/ASF/sam0/drivers/system/pinmux/pinmux.o
 .debug_macro   0x00006ed5      0x4dd src/ASF/sam0/drivers/system/system.o
 .debug_macro   0x000073b2      0x281 src/ASF/sam0/utils/cmsis/samd10/source/gcc/startup_samd10.o
 .debug_macro   0x00007633       0x3a src/ASF/sam0/utils/cmsis/samd10/source/gcc/startup_samd10.o
 .debug_macro   0x0000766d      0x65e src/main.o

.debug_line     0x00000000     0xf833
 .debug_line    0x00000000      0xb97 src/ASF/sam0/drivers/adc/adc_sam_d_r_h/adc_callback.o
 .debug_line    0x00000b97      0xdd7 src/motors.o
 .debug_line    0x0000196e      0xdc5 src/power_on_off.o
 .debug_line    0x00002733      0xef6 src/RGB_LED.o
 .debug_line    0x00003629      0xdb3 src/test.o
 .debug_line    0x000043dc      0xbc3 src/ASF/sam0/drivers/extint/extint_sam_d_r_h/extint.o
 .debug_line    0x00004f9f      0xdbb src/ASF/sam0/drivers/tcc/tcc.o
 .debug_line    0x00005d5a      0xa20 src/ASF/sam0/drivers/tcc/tcc_callback.o
 .debug_line    0x0000677a      0xd25 src/ASF/sam0/drivers/tc/tc_sam_d_r_h/tc.o
 .debug_line    0x0000749f      0xaa7 src/ASF/sam0/drivers/tc/tc_interrupt.o
 .debug_line    0x00007f46      0xacc src/ASF/sam0/drivers/sercom/sercom_interrupt.o
 .debug_line    0x00008a12      0x962 src/ASF/sam0/drivers/extint/extint_callback.o
 .debug_line    0x00009374      0x953 src/ASF/common2/services/delay/sam0/systick_counter.o
 .debug_line    0x00009cc7      0x88c src/ASF/sam0/drivers/port/port.o
 .debug_line    0x0000a553      0xd12 src/ASF/common2/boards/user_board/init.o
 .debug_line    0x0000b265      0x860 src/ASF/common/utils/interrupt/interrupt_sam_nvic.o
 .debug_line    0x0000bac5      0xbdd src/ASF/sam0/drivers/system/clock/clock_samd09_d10_d11/clock.o
 .debug_line    0x0000c6a2      0xc09 src/ASF/sam0/drivers/system/clock/clock_samd09_d10_d11/gclk.o
 .debug_line    0x0000d2ab      0x8d9 src/ASF/sam0/drivers/system/pinmux/pinmux.o
 .debug_line    0x0000db84      0x980 src/ASF/sam0/drivers/system/system.o
 .debug_line    0x0000e504      0x5dc src/ASF/sam0/utils/cmsis/samd10/source/gcc/startup_samd10.o
 .debug_line    0x0000eae0      0xd53 src/main.o

.debug_str      0x00000000    0x70771
 .debug_str     0x00000000    0x66cdf src/ASF/sam0/drivers/adc/adc_sam_d_r_h/adc_callback.o
                              0x67264 (size before relaxing)
 .debug_str     0x00066cdf     0x2f96 src/motors.o
                              0x6a182 (size before relaxing)
 .debug_str     0x00069c75      0x12b src/power_on_off.o
                              0x68b10 (size before relaxing)
 .debug_str     0x00069da0      0xc12 src/RGB_LED.o
                              0x69e02 (size before relaxing)
 .debug_str     0x0006a9b2       0x56 src/test.o
                              0x687c2 (size before relaxing)
 .debug_str     0x0006aa08      0xa4b src/ASF/sam0/drivers/extint/extint_sam_d_r_h/extint.o
                              0x67b22 (size before relaxing)
 .debug_str     0x0006b453     0x129c src/ASF/sam0/drivers/tcc/tcc.o
                              0x6998f (size before relaxing)
 .debug_str     0x0006c6ef      0x1b2 src/ASF/sam0/drivers/tcc/tcc_callback.o
                              0x67d98 (size before relaxing)
 .debug_str     0x0006c8a1      0x1ea src/ASF/sam0/drivers/tc/tc_sam_d_r_h/tc.o
                              0x67b61 (size before relaxing)
 .debug_str     0x0006ca8b      0x243 src/ASF/sam0/drivers/tc/tc_interrupt.o
                              0x678b5 (size before relaxing)
 .debug_str     0x0006ccce      0x7a6 src/ASF/sam0/drivers/sercom/sercom_interrupt.o
                              0x67712 (size before relaxing)
 .debug_str     0x0006d474      0x131 src/ASF/sam0/drivers/extint/extint_callback.o
                              0x66cc7 (size before relaxing)
 .debug_str     0x0006d5a5       0xa6 src/ASF/common2/services/delay/sam0/systick_counter.o
                              0x66786 (size before relaxing)
 .debug_str     0x0006d64b       0x59 src/ASF/sam0/drivers/port/port.o
                              0x6698d (size before relaxing)
 .debug_str     0x0006d6a4       0x3e src/ASF/common2/boards/user_board/init.o
                              0x68693 (size before relaxing)
 .debug_str     0x0006d6e2       0x94 src/ASF/common/utils/interrupt/interrupt_sam_nvic.o
                              0x66576 (size before relaxing)
 .debug_str     0x0006d776     0x24af src/ASF/sam0/drivers/system/clock/clock_samd09_d10_d11/clock.o
                              0x693ca (size before relaxing)
 .debug_str     0x0006fc25      0x20f src/ASF/sam0/drivers/system/clock/clock_samd09_d10_d11/gclk.o
                              0x671cc (size before relaxing)
 .debug_str     0x0006fe34       0xf4 src/ASF/sam0/drivers/system/pinmux/pinmux.o
                              0x66a18 (size before relaxing)
 .debug_str     0x0006ff28       0x47 src/ASF/sam0/drivers/system/system.o
                              0x66653 (size before relaxing)
 .debug_str     0x0006ff6f      0x7eb src/ASF/sam0/utils/cmsis/samd10/source/gcc/startup_samd10.o
                              0x51f04 (size before relaxing)
 .debug_str     0x0007075a       0x17 src/main.o
                              0x68f1c (size before relaxing)

.debug_frame    0x00000000      0xe18
 .debug_frame   0x00000000       0x84 src/ASF/sam0/drivers/adc/adc_sam_d_r_h/adc_callback.o
 .debug_frame   0x00000084       0xbc src/motors.o
 .debug_frame   0x00000140       0x98 src/power_on_off.o
 .debug_frame   0x000001d8      0x164 src/RGB_LED.o
 .debug_frame   0x0000033c       0x44 src/test.o
 .debug_frame   0x00000380       0xb8 src/ASF/sam0/drivers/extint/extint_sam_d_r_h/extint.o
 .debug_frame   0x00000438      0x1e4 src/ASF/sam0/drivers/tcc/tcc.o
 .debug_frame   0x0000061c       0xa4 src/ASF/sam0/drivers/tcc/tcc_callback.o
 .debug_frame   0x000006c0       0xa8 src/ASF/sam0/drivers/tc/tc_sam_d_r_h/tc.o
 .debug_frame   0x00000768       0x8c src/ASF/sam0/drivers/tc/tc_interrupt.o
 .debug_frame   0x000007f4       0xa0 src/ASF/sam0/drivers/sercom/sercom_interrupt.o
 .debug_frame   0x00000894       0x7c src/ASF/sam0/drivers/extint/extint_callback.o
 .debug_frame   0x00000910       0x64 src/ASF/common2/services/delay/sam0/systick_counter.o
 .debug_frame   0x00000974       0x44 src/ASF/sam0/drivers/port/port.o
 .debug_frame   0x000009b8       0x20 src/ASF/common2/boards/user_board/init.o
 .debug_frame   0x000009d8       0x30 src/ASF/common/utils/interrupt/interrupt_sam_nvic.o
 .debug_frame   0x00000a08      0x14c src/ASF/sam0/drivers/system/clock/clock_samd09_d10_d11/clock.o
 .debug_frame   0x00000b54      0x148 src/ASF/sam0/drivers/system/clock/clock_samd09_d10_d11/gclk.o
 .debug_frame   0x00000c9c       0x98 src/ASF/sam0/drivers/system/pinmux/pinmux.o
 .debug_frame   0x00000d34       0x38 src/ASF/sam0/drivers/system/system.o
 .debug_frame   0x00000d6c       0x38 src/ASF/sam0/utils/cmsis/samd10/source/gcc/startup_samd10.o
 .debug_frame   0x00000da4       0x28 src/main.o
 .debug_frame   0x00000dcc       0x20 c:/program files (x86)/atmel/studio/7.0/toolchain/arm/arm-gnu-toolchain/bin/../lib/gcc/arm-none-eabi/6.2.1/thumb/v6-m\libgcc.a(_udivsi3.o)
 .debug_frame   0x00000dec       0x2c c:/program files (x86)/atmel/studio/7.0/toolchain/arm/arm-gnu-toolchain/bin/../lib/gcc/arm-none-eabi/6.2.1/../../../../arm-none-eabi/lib/thumb/v6-m\libc_nano.a(lib_a-init.o)

Cross Reference Table

Symbol                                            File
AC_Handler                                        src/ASF/sam0/utils/cmsis/samd10/source/gcc/startup_samd10.o
ADC_Handler                                       src/ASF/sam0/drivers/adc/adc_sam_d_r_h/adc_callback.o
DAC_Handler                                       src/ASF/sam0/utils/cmsis/samd10/source/gcc/startup_samd10.o
DMAC_Handler                                      src/ASF/sam0/utils/cmsis/samd10/source/gcc/startup_samd10.o
Dummy_Handler                                     src/ASF/sam0/utils/cmsis/samd10/source/gcc/startup_samd10.o
EIC_Handler                                       src/ASF/sam0/drivers/extint/extint_callback.o
EVSYS_Handler                                     src/ASF/sam0/utils/cmsis/samd10/source/gcc/startup_samd10.o
HardFault_Handler                                 src/ASF/sam0/utils/cmsis/samd10/source/gcc/startup_samd10.o
NMI_Handler                                       src/ASF/sam0/utils/cmsis/samd10/source/gcc/startup_samd10.o
NVMCTRL_Handler                                   src/ASF/sam0/utils/cmsis/samd10/source/gcc/startup_samd10.o
N_valid_compares                                  src/ASF/sam0/drivers/tc/tc_interrupt.o
ORB_init                                          src/RGB_LED.o
                                                  src/main.o
ORB_init_array                                    src/RGB_LED.o
ORB_leds_off                                      src/RGB_LED.o
ORB_setup_pins                                    src/RGB_LED.o
ORB_timer_callbacks_init                          src/RGB_LED.o
ORB_timer_init                                    src/RGB_LED.o
PM_Handler                                        src/ASF/sam0/utils/cmsis/samd10/source/gcc/startup_samd10.o
PTC_Handler                                       src/ASF/sam0/utils/cmsis/samd10/source/gcc/startup_samd10.o
PendSV_Handler                                    src/ASF/sam0/utils/cmsis/samd10/source/gcc/startup_samd10.o
RTC_Handler                                       src/ASF/sam0/utils/cmsis/samd10/source/gcc/startup_samd10.o
Reset_Handler                                     src/ASF/sam0/utils/cmsis/samd10/source/gcc/startup_samd10.o
SERCOM0_Handler                                   src/ASF/sam0/drivers/sercom/sercom_interrupt.o
SERCOM1_Handler                                   src/ASF/sam0/drivers/sercom/sercom_interrupt.o
SERCOM2_Handler                                   src/ASF/sam0/drivers/sercom/sercom_interrupt.o
SVC_Handler                                       src/ASF/sam0/utils/cmsis/samd10/source/gcc/startup_samd10.o
SYSCTRL_Handler                                   src/ASF/sam0/utils/cmsis/samd10/source/gcc/startup_samd10.o
SysTick_Handler                                   src/ASF/sam0/utils/cmsis/samd10/source/gcc/startup_samd10.o
SystemCoreClock                                   src/ASF/sam0/utils/cmsis/samd10/source/system_samd10.o
SystemCoreClockUpdate                             src/ASF/sam0/utils/cmsis/samd10/source/system_samd10.o
SystemInit                                        src/ASF/sam0/utils/cmsis/samd10/source/system_samd10.o
TC1_Handler                                       src/ASF/sam0/drivers/tc/tc_interrupt.o
TC2_Handler                                       src/ASF/sam0/drivers/tc/tc_interrupt.o
TCC0_Handler                                      src/ASF/sam0/drivers/tcc/tcc_callback.o
WDT_Handler                                       src/ASF/sam0/utils/cmsis/samd10/source/gcc/startup_samd10.o
_Jv_RegisterClasses                               c:/program files (x86)/atmel/studio/7.0/toolchain/arm/arm-gnu-toolchain/bin/../lib/gcc/arm-none-eabi/6.2.1/thumb/v6-m/crtbegin.o
__aeabi_idiv0                                     c:/program files (x86)/atmel/studio/7.0/toolchain/arm/arm-gnu-toolchain/bin/../lib/gcc/arm-none-eabi/6.2.1/thumb/v6-m\libgcc.a(_dvmd_tls.o)
                                                  c:/program files (x86)/atmel/studio/7.0/toolchain/arm/arm-gnu-toolchain/bin/../lib/gcc/arm-none-eabi/6.2.1/thumb/v6-m\libgcc.a(_udivsi3.o)
__aeabi_ldiv0                                     c:/program files (x86)/atmel/studio/7.0/toolchain/arm/arm-gnu-toolchain/bin/../lib/gcc/arm-none-eabi/6.2.1/thumb/v6-m\libgcc.a(_dvmd_tls.o)
__aeabi_lmul                                      c:/program files (x86)/atmel/studio/7.0/toolchain/arm/arm-gnu-toolchain/bin/../lib/gcc/arm-none-eabi/6.2.1/thumb/v6-m\libgcc.a(_muldi3.o)
                                                  src/ASF/sam0/drivers/sercom/sercom.o
__aeabi_uidiv                                     c:/program files (x86)/atmel/studio/7.0/toolchain/arm/arm-gnu-toolchain/bin/../lib/gcc/arm-none-eabi/6.2.1/thumb/v6-m\libgcc.a(_udivsi3.o)
                                                  src/ASF/sam0/drivers/system/clock/clock_samd09_d10_d11/gclk.o
                                                  src/ASF/sam0/drivers/system/clock/clock_samd09_d10_d11/clock.o
                                                  src/ASF/common2/services/delay/sam0/systick_counter.o
__aeabi_uidivmod                                  c:/program files (x86)/atmel/studio/7.0/toolchain/arm/arm-gnu-toolchain/bin/../lib/gcc/arm-none-eabi/6.2.1/thumb/v6-m\libgcc.a(_udivsi3.o)
__bss_end__                                       c:/program files (x86)/atmel/studio/7.0/toolchain/arm/arm-gnu-toolchain/bin/../lib/gcc/arm-none-eabi/6.2.1/../../../../arm-none-eabi/lib/thumb/v6-m/crt0.o
__bss_start__                                     c:/program files (x86)/atmel/studio/7.0/toolchain/arm/arm-gnu-toolchain/bin/../lib/gcc/arm-none-eabi/6.2.1/../../../../arm-none-eabi/lib/thumb/v6-m/crt0.o
__call_exitprocs                                  c:/program files (x86)/atmel/studio/7.0/toolchain/arm/arm-gnu-toolchain/bin/../lib/gcc/arm-none-eabi/6.2.1/../../../../arm-none-eabi/lib/thumb/v6-m\libc_nano.a(lib_a-exit.o)
__deregister_frame_info                           c:/program files (x86)/atmel/studio/7.0/toolchain/arm/arm-gnu-toolchain/bin/../lib/gcc/arm-none-eabi/6.2.1/thumb/v6-m/crtbegin.o
__dso_handle                                      c:/program files (x86)/atmel/studio/7.0/toolchain/arm/arm-gnu-toolchain/bin/../lib/gcc/arm-none-eabi/6.2.1/thumb/v6-m/crtbegin.o
__init_array_end                                  c:/program files (x86)/atmel/studio/7.0/toolchain/arm/arm-gnu-toolchain/bin/../lib/gcc/arm-none-eabi/6.2.1/../../../../arm-none-eabi/lib/thumb/v6-m\libc_nano.a(lib_a-init.o)
__init_array_start                                c:/program files (x86)/atmel/studio/7.0/toolchain/arm/arm-gnu-toolchain/bin/../lib/gcc/arm-none-eabi/6.2.1/../../../../arm-none-eabi/lib/thumb/v6-m\libc_nano.a(lib_a-init.o)
__libc_fini_array                                 c:/program files (x86)/atmel/studio/7.0/toolchain/arm/arm-gnu-toolchain/bin/../lib/gcc/arm-none-eabi/6.2.1/../../../../arm-none-eabi/lib/thumb/v6-m/crt0.o
__libc_init_array                                 c:/program files (x86)/atmel/studio/7.0/toolchain/arm/arm-gnu-toolchain/bin/../lib/gcc/arm-none-eabi/6.2.1/../../../../arm-none-eabi/lib/thumb/v6-m\libc_nano.a(lib_a-init.o)
                                                  src/ASF/sam0/utils/cmsis/samd10/source/gcc/startup_samd10.o
                                                  c:/program files (x86)/atmel/studio/7.0/toolchain/arm/arm-gnu-toolchain/bin/../lib/gcc/arm-none-eabi/6.2.1/../../../../arm-none-eabi/lib/thumb/v6-m/crt0.o
__muldi3                                          c:/program files (x86)/atmel/studio/7.0/toolchain/arm/arm-gnu-toolchain/bin/../lib/gcc/arm-none-eabi/6.2.1/thumb/v6-m\libgcc.a(_muldi3.o)
__preinit_array_end                               c:/program files (x86)/atmel/studio/7.0/toolchain/arm/arm-gnu-toolchain/bin/../lib/gcc/arm-none-eabi/6.2.1/../../../../arm-none-eabi/lib/thumb/v6-m\libc_nano.a(lib_a-init.o)
__preinit_array_start                             c:/program files (x86)/atmel/studio/7.0/toolchain/arm/arm-gnu-toolchain/bin/../lib/gcc/arm-none-eabi/6.2.1/../../../../arm-none-eabi/lib/thumb/v6-m\libc_nano.a(lib_a-init.o)
__register_frame_info                             c:/program files (x86)/atmel/studio/7.0/toolchain/arm/arm-gnu-toolchain/bin/../lib/gcc/arm-none-eabi/6.2.1/thumb/v6-m/crtbegin.o
__sf_fake_stderr                                  c:/program files (x86)/atmel/studio/7.0/toolchain/arm/arm-gnu-toolchain/bin/../lib/gcc/arm-none-eabi/6.2.1/../../../../arm-none-eabi/lib/thumb/v6-m\libc_nano.a(lib_a-impure.o)
__sf_fake_stdin                                   c:/program files (x86)/atmel/studio/7.0/toolchain/arm/arm-gnu-toolchain/bin/../lib/gcc/arm-none-eabi/6.2.1/../../../../arm-none-eabi/lib/thumb/v6-m\libc_nano.a(lib_a-impure.o)
__sf_fake_stdout                                  c:/program files (x86)/atmel/studio/7.0/toolchain/arm/arm-gnu-toolchain/bin/../lib/gcc/arm-none-eabi/6.2.1/../../../../arm-none-eabi/lib/thumb/v6-m\libc_nano.a(lib_a-impure.o)
__stack                                           c:/program files (x86)/atmel/studio/7.0/toolchain/arm/arm-gnu-toolchain/bin/../lib/gcc/arm-none-eabi/6.2.1/../../../../arm-none-eabi/lib/thumb/v6-m/crt0.o
__udivsi3                                         c:/program files (x86)/atmel/studio/7.0/toolchain/arm/arm-gnu-toolchain/bin/../lib/gcc/arm-none-eabi/6.2.1/thumb/v6-m\libgcc.a(_udivsi3.o)
_adc_instances                                    src/ASF/sam0/drivers/adc/adc_sam_d_r_h/adc_callback.o
                                                  src/ASF/sam0/drivers/adc/adc_sam_d_r_h/adc.o
_close                                            src/ASF/sam0/utils/syscalls/gcc/syscalls.o
_current_channel                                  src/ASF/sam0/drivers/extint/extint_callback.o
_end                                              src/ASF/sam0/utils/syscalls/gcc/syscalls.o
_erelocate                                        src/ASF/sam0/utils/cmsis/samd10/source/gcc/startup_samd10.o
_estack                                           src/ASF/sam0/utils/cmsis/samd10/source/gcc/startup_samd10.o
_etext                                            src/ASF/sam0/utils/cmsis/samd10/source/gcc/startup_samd10.o
_exit                                             src/ASF/sam0/utils/syscalls/gcc/syscalls.o
                                                  c:/program files (x86)/atmel/studio/7.0/toolchain/arm/arm-gnu-toolchain/bin/../lib/gcc/arm-none-eabi/6.2.1/../../../../arm-none-eabi/lib/thumb/v6-m\libc_nano.a(lib_a-exit.o)
_extint_dev                                       src/ASF/sam0/drivers/extint/extint_sam_d_r_h/extint.o
                                                  src/ASF/sam0/drivers/extint/extint_callback.o
_ezero                                            src/ASF/sam0/utils/cmsis/samd10/source/gcc/startup_samd10.o
_fini                                             c:/program files (x86)/atmel/studio/7.0/toolchain/arm/arm-gnu-toolchain/bin/../lib/gcc/arm-none-eabi/6.2.1/thumb/v6-m/crti.o
_fstat                                            src/ASF/sam0/utils/syscalls/gcc/syscalls.o
_getpid                                           src/ASF/sam0/utils/syscalls/gcc/syscalls.o
_global_impure_ptr                                c:/program files (x86)/atmel/studio/7.0/toolchain/arm/arm-gnu-toolchain/bin/../lib/gcc/arm-none-eabi/6.2.1/../../../../arm-none-eabi/lib/thumb/v6-m\libc_nano.a(lib_a-impure.o)
                                                  c:/program files (x86)/atmel/studio/7.0/toolchain/arm/arm-gnu-toolchain/bin/../lib/gcc/arm-none-eabi/6.2.1/../../../../arm-none-eabi/lib/thumb/v6-m\libc_nano.a(lib_a-exit.o)
_impure_ptr                                       c:/program files (x86)/atmel/studio/7.0/toolchain/arm/arm-gnu-toolchain/bin/../lib/gcc/arm-none-eabi/6.2.1/../../../../arm-none-eabi/lib/thumb/v6-m\libc_nano.a(lib_a-impure.o)
_init                                             c:/program files (x86)/atmel/studio/7.0/toolchain/arm/arm-gnu-toolchain/bin/../lib/gcc/arm-none-eabi/6.2.1/thumb/v6-m/crti.o
                                                  c:/program files (x86)/atmel/studio/7.0/toolchain/arm/arm-gnu-toolchain/bin/../lib/gcc/arm-none-eabi/6.2.1/../../../../arm-none-eabi/lib/thumb/v6-m\libc_nano.a(lib_a-init.o)
_isatty                                           src/ASF/sam0/utils/syscalls/gcc/syscalls.o
_kill                                             src/ASF/sam0/utils/syscalls/gcc/syscalls.o
_lseek                                            src/ASF/sam0/utils/syscalls/gcc/syscalls.o
_mainCRTStartup                                   c:/program files (x86)/atmel/studio/7.0/toolchain/arm/arm-gnu-toolchain/bin/../lib/gcc/arm-none-eabi/6.2.1/../../../../arm-none-eabi/lib/thumb/v6-m/crt0.o
_sbrk                                             src/ASF/sam0/utils/syscalls/gcc/syscalls.o
_sercom_get_async_baud_val                        src/ASF/sam0/drivers/sercom/sercom.o
_sercom_get_default_pad                           src/ASF/sam0/drivers/sercom/sercom.o
                                                  src/ASF/sam0/drivers/sercom/spi/spi.o
_sercom_get_interrupt_vector                      src/ASF/sam0/drivers/sercom/sercom_interrupt.o
                                                  src/ASF/sam0/drivers/sercom/spi/spi.o
_sercom_get_sercom_inst_index                     src/ASF/sam0/drivers/sercom/sercom.o
                                                  src/ASF/sam0/drivers/sercom/sercom_interrupt.o
                                                  src/ASF/sam0/drivers/sercom/spi/spi.o
_sercom_get_sync_baud_val                         src/ASF/sam0/drivers/sercom/sercom.o
                                                  src/ASF/sam0/drivers/sercom/spi/spi.o
_sercom_instances                                 src/ASF/sam0/drivers/sercom/sercom_interrupt.o
                                                  src/ASF/sam0/drivers/sercom/spi/spi_interrupt.o
                                                  src/ASF/sam0/drivers/sercom/spi/spi.o
_sercom_set_handler                               src/ASF/sam0/drivers/sercom/sercom_interrupt.o
                                                  src/ASF/sam0/drivers/sercom/spi/spi.o
_sfixed                                           src/ASF/sam0/utils/cmsis/samd10/source/gcc/startup_samd10.o
_spi_interrupt_handler                            src/ASF/sam0/drivers/sercom/spi/spi_interrupt.o
                                                  src/ASF/sam0/drivers/sercom/spi/spi.o
_srelocate                                        src/ASF/sam0/utils/cmsis/samd10/source/gcc/startup_samd10.o
_start                                            c:/program files (x86)/atmel/studio/7.0/toolchain/arm/arm-gnu-toolchain/bin/../lib/gcc/arm-none-eabi/6.2.1/../../../../arm-none-eabi/lib/thumb/v6-m/crt0.o
_system_divas_init                                src/ASF/sam0/drivers/system/system.o
_system_dummy_init                                src/ASF/sam0/drivers/system/system.o
_system_events_init                               src/ASF/sam0/drivers/system/system.o
_system_extint_init                               src/ASF/sam0/drivers/extint/extint_sam_d_r_h/extint.o
_szero                                            src/ASF/sam0/utils/cmsis/samd10/source/gcc/startup_samd10.o
_tc_get_inst_index                                src/ASF/sam0/drivers/tc/tc_sam_d_r_h/tc.o
                                                  src/ASF/sam0/drivers/tc/tc_interrupt.o
                                                  src/RGB_LED.o
_tc_instances                                     src/ASF/sam0/drivers/tc/tc_interrupt.o
                                                  src/ASF/sam0/drivers/tc/tc_sam_d_r_h/tc.o
_tc_interrupt_handler                             src/ASF/sam0/drivers/tc/tc_interrupt.o
_tcc_apbcmasks                                    src/ASF/sam0/drivers/tcc/tcc.o
_tcc_cc_nums                                      src/ASF/sam0/drivers/tcc/tcc.o
_tcc_exts                                         src/ASF/sam0/drivers/tcc/tcc.o
_tcc_gclk_ids                                     src/ASF/sam0/drivers/tcc/tcc.o
_tcc_get_inst_index                               src/ASF/sam0/drivers/tcc/tcc.o
                                                  src/ASF/sam0/drivers/tcc/tcc_callback.o
_tcc_instances                                    src/ASF/sam0/drivers/tcc/tcc_callback.o
                                                  src/ASF/sam0/drivers/tcc/tcc.o
_tcc_interrupt_handler                            src/ASF/sam0/drivers/tcc/tcc_callback.o
_tcc_intflag                                      src/ASF/sam0/drivers/tcc/tcc_callback.o
_tcc_maxs                                         src/ASF/sam0/drivers/tcc/tcc.o
_tcc_ow_nums                                      src/ASF/sam0/drivers/tcc/tcc.o
_tcc_sizes                                        src/ASF/sam0/drivers/tcc/tcc.o
adc_abort_job                                     src/ASF/sam0/drivers/adc/adc_sam_d_r_h/adc_callback.o
adc_get_config_defaults                           src/ASF/sam0/drivers/adc/adc_sam_d_r_h/adc.o
adc_get_job_status                                src/ASF/sam0/drivers/adc/adc_sam_d_r_h/adc_callback.o
adc_init                                          src/ASF/sam0/drivers/adc/adc_sam_d_r_h/adc.o
adc_read_buffer_job                               src/ASF/sam0/drivers/adc/adc_sam_d_r_h/adc_callback.o
adc_register_callback                             src/ASF/sam0/drivers/adc/adc_sam_d_r_h/adc_callback.o
adc_regular_ain_channel                           src/ASF/sam0/drivers/adc/adc_sam_d_r_h/adc.o
adc_set_window_mode                               src/ASF/sam0/drivers/adc/adc_sam_d_r_h/adc.o
adc_unregister_callback                           src/ASF/sam0/drivers/adc/adc_sam_d_r_h/adc_callback.o
atexit                                            c:/program files (x86)/atmel/studio/7.0/toolchain/arm/arm-gnu-toolchain/bin/../lib/gcc/arm-none-eabi/6.2.1/../../../../arm-none-eabi/lib/thumb/v6-m/crt0.o
board_init                                        src/ASF/common2/boards/user_board/init.o
check_power_off_button                            src/power_on_off.o
config_pins                                       src/motors.o
config_timer_waveform                             src/motors.o
configure_motors                                  src/motors.o
                                                  src/main.o
cpu_irq_enter_critical                            src/ASF/common/utils/interrupt/interrupt_sam_nvic.o
                                                  src/ASF/sam0/drivers/system/clock/clock_samd09_d10_d11/gclk.o
cpu_irq_leave_critical                            src/ASF/common/utils/interrupt/interrupt_sam_nvic.o
                                                  src/ASF/sam0/drivers/system/clock/clock_samd09_d10_d11/gclk.o
delay_cycles_ms                                   src/ASF/common2/services/delay/sam0/systick_counter.o
                                                  src/test.o
delay_cycles_us                                   src/ASF/common2/services/delay/sam0/systick_counter.o
delay_init                                        src/ASF/common2/services/delay/sam0/systick_counter.o
                                                  src/main.o
disable_ORB                                       src/RGB_LED.o
dummy_write                                       src/ASF/sam0/drivers/sercom/spi/spi_interrupt.o
enable_ORB                                        src/RGB_LED.o
                                                  src/main.o
exception_table                                   src/ASF/sam0/utils/cmsis/samd10/source/gcc/startup_samd10.o
exit                                              c:/program files (x86)/atmel/studio/7.0/toolchain/arm/arm-gnu-toolchain/bin/../lib/gcc/arm-none-eabi/6.2.1/../../../../arm-none-eabi/lib/thumb/v6-m\libc_nano.a(lib_a-exit.o)
                                                  c:/program files (x86)/atmel/studio/7.0/toolchain/arm/arm-gnu-toolchain/bin/../lib/gcc/arm-none-eabi/6.2.1/../../../../arm-none-eabi/lib/thumb/v6-m/crt0.o
extint_chan_disable_callback                      src/ASF/sam0/drivers/extint/extint_callback.o
extint_chan_enable_callback                       src/ASF/sam0/drivers/extint/extint_callback.o
extint_chan_get_config_defaults                   src/ASF/sam0/drivers/extint/extint_sam_d_r_h/extint.o
extint_chan_set_config                            src/ASF/sam0/drivers/extint/extint_sam_d_r_h/extint.o
extint_disable_events                             src/ASF/sam0/drivers/extint/extint_sam_d_r_h/extint.o
extint_enable_events                              src/ASF/sam0/drivers/extint/extint_sam_d_r_h/extint.o
extint_get_current_channel                        src/ASF/sam0/drivers/extint/extint_callback.o
extint_nmi_set_config                             src/ASF/sam0/drivers/extint/extint_sam_d_r_h/extint.o
extint_register_callback                          src/ASF/sam0/drivers/extint/extint_callback.o
extint_unregister_callback                        src/ASF/sam0/drivers/extint/extint_callback.o
g_interrupt_enabled                               src/ASF/common/utils/interrupt/interrupt_sam_nvic.o
hardware_init_hook                                c:/program files (x86)/atmel/studio/7.0/toolchain/arm/arm-gnu-toolchain/bin/../lib/gcc/arm-none-eabi/6.2.1/../../../../arm-none-eabi/lib/thumb/v6-m/crt0.o
increasing_sort_tag                               src/RGB_LED.o
                                                  src/RGB_LED_control.o
init_power_pin                                    src/power_on_off.o
initializing_compare_array                        src/RGB_LED.o
initializing_pin_array                            src/RGB_LED.o
                                                  src/RGB_LED_control.o
link                                              src/ASF/sam0/utils/syscalls/gcc/syscalls.o
lock_temp_array                                   src/main.o
                                                  src/RGB_LED.o
main                                              src/main.o
                                                  src/ASF/sam0/utils/cmsis/samd10/source/gcc/startup_samd10.o
                                                  c:/program files (x86)/atmel/studio/7.0/toolchain/arm/arm-gnu-toolchain/bin/../lib/gcc/arm-none-eabi/6.2.1/../../../../arm-none-eabi/lib/thumb/v6-m/crt0.o
memcpy                                            c:/program files (x86)/atmel/studio/7.0/toolchain/arm/arm-gnu-toolchain/bin/../lib/gcc/arm-none-eabi/6.2.1/../../../../arm-none-eabi/lib/thumb/v6-m\libc_nano.a(lib_a-memcpy-stub.o)
                                                  src/ASF/sam0/drivers/adc/adc_sam_d_r_h/adc.o
memset                                            c:/program files (x86)/atmel/studio/7.0/toolchain/arm/arm-gnu-toolchain/bin/../lib/gcc/arm-none-eabi/6.2.1/../../../../arm-none-eabi/lib/thumb/v6-m\libc_nano.a(lib_a-memset.o)
                                                  c:/program files (x86)/atmel/studio/7.0/toolchain/arm/arm-gnu-toolchain/bin/../lib/gcc/arm-none-eabi/6.2.1/../../../../arm-none-eabi/lib/thumb/v6-m/crt0.o
orb_tc_instance                                   src/RGB_LED.o
port_group_set_config                             src/ASF/sam0/drivers/port/port.o
port_pin_set_config                               src/ASF/sam0/drivers/port/port.o
                                                  src/RGB_LED.o
                                                  src/power_on_off.o
                                                  src/motors.o
power_button_init                                 src/power_on_off.o
                                                  src/main.o
power_button_on                                   src/power_on_off.o
power_off                                         src/power_on_off.o
sercom_set_gclk_generator                         src/ASF/sam0/drivers/sercom/sercom.o
                                                  src/ASF/sam0/drivers/sercom/spi/spi.o
serial_timeout                                    src/main.o
                                                  src/ASF/sam0/drivers/tc/tc_interrupt.o
serial_timeout_count                              src/main.o
                                                  src/ASF/sam0/drivers/tc/tc_interrupt.o
set_drivestrength_ORB                             src/RGB_LED.o
set_motor_left                                    src/motors.o
                                                  src/test.o
set_motor_right                                   src/motors.o
                                                  src/test.o
software_init_hook                                c:/program files (x86)/atmel/studio/7.0/toolchain/arm/arm-gnu-toolchain/bin/../lib/gcc/arm-none-eabi/6.2.1/../../../../arm-none-eabi/lib/thumb/v6-m/crt0.o
spi_abort_job                                     src/ASF/sam0/drivers/sercom/spi/spi_interrupt.o
spi_init                                          src/ASF/sam0/drivers/sercom/spi/spi.o
spi_read_buffer_job                               src/ASF/sam0/drivers/sercom/spi/spi_interrupt.o
spi_read_buffer_wait                              src/ASF/sam0/drivers/sercom/spi/spi.o
spi_register_callback                             src/ASF/sam0/drivers/sercom/spi/spi_interrupt.o
spi_reset                                         src/ASF/sam0/drivers/sercom/spi/spi.o
spi_select_slave                                  src/ASF/sam0/drivers/sercom/spi/spi.o
spi_set_baudrate                                  src/ASF/sam0/drivers/sercom/spi/spi.o
spi_transceive_buffer_job                         src/ASF/sam0/drivers/sercom/spi/spi_interrupt.o
spi_transceive_buffer_wait                        src/ASF/sam0/drivers/sercom/spi/spi.o
spi_transceive_wait                               src/ASF/sam0/drivers/sercom/spi/spi.o
spi_unregister_callback                           src/ASF/sam0/drivers/sercom/spi/spi_interrupt.o
spi_write_buffer_job                              src/ASF/sam0/drivers/sercom/spi/spi_interrupt.o
spi_write_buffer_wait                             src/ASF/sam0/drivers/sercom/spi/spi.o
stop_all_actuators                                src/power_on_off.o
system_board_init                                 src/ASF/common2/boards/user_board/init.o
system_clock_init                                 src/ASF/sam0/drivers/system/clock/clock_samd09_d10_d11/clock.o
system_clock_source_dfll_set_config               src/ASF/sam0/drivers/system/clock/clock_samd09_d10_d11/clock.o
system_clock_source_disable                       src/ASF/sam0/drivers/system/clock/clock_samd09_d10_d11/clock.o
system_clock_source_dpll_set_config               src/ASF/sam0/drivers/system/clock/clock_samd09_d10_d11/clock.o
system_clock_source_enable                        src/ASF/sam0/drivers/system/clock/clock_samd09_d10_d11/clock.o
system_clock_source_get_hz                        src/ASF/sam0/drivers/system/clock/clock_samd09_d10_d11/clock.o
                                                  src/ASF/sam0/drivers/system/clock/clock_samd09_d10_d11/gclk.o
system_clock_source_is_ready                      src/ASF/sam0/drivers/system/clock/clock_samd09_d10_d11/clock.o
system_clock_source_osc32k_set_config             src/ASF/sam0/drivers/system/clock/clock_samd09_d10_d11/clock.o
system_clock_source_osc8m_set_config              src/ASF/sam0/drivers/system/clock/clock_samd09_d10_d11/clock.o
system_clock_source_write_calibration             src/ASF/sam0/drivers/system/clock/clock_samd09_d10_d11/clock.o
system_clock_source_xosc32k_set_config            src/ASF/sam0/drivers/system/clock/clock_samd09_d10_d11/clock.o
system_clock_source_xosc_set_config               src/ASF/sam0/drivers/system/clock/clock_samd09_d10_d11/clock.o
system_gclk_chan_disable                          src/ASF/sam0/drivers/system/clock/clock_samd09_d10_d11/gclk.o
                                                  src/ASF/sam0/drivers/extint/extint_sam_d_r_h/extint.o
system_gclk_chan_enable                           src/ASF/sam0/drivers/system/clock/clock_samd09_d10_d11/gclk.o
                                                  src/ASF/sam0/drivers/sercom/spi/spi.o
                                                  src/ASF/sam0/drivers/tc/tc_sam_d_r_h/tc.o
                                                  src/ASF/sam0/drivers/tcc/tcc.o
                                                  src/ASF/sam0/drivers/sercom/sercom.o
                                                  src/ASF/sam0/drivers/extint/extint_sam_d_r_h/extint.o
                                                  src/ASF/sam0/drivers/adc/adc_sam_d_r_h/adc.o
system_gclk_chan_get_hz                           src/ASF/sam0/drivers/system/clock/clock_samd09_d10_d11/gclk.o
                                                  src/ASF/sam0/drivers/system/clock/clock_samd09_d10_d11/clock.o
                                                  src/ASF/sam0/drivers/sercom/spi/spi.o
system_gclk_chan_is_enabled                       src/ASF/sam0/drivers/system/clock/clock_samd09_d10_d11/gclk.o
system_gclk_chan_is_locked                        src/ASF/sam0/drivers/system/clock/clock_samd09_d10_d11/gclk.o
system_gclk_chan_lock                             src/ASF/sam0/drivers/system/clock/clock_samd09_d10_d11/gclk.o
system_gclk_chan_set_config                       src/ASF/sam0/drivers/system/clock/clock_samd09_d10_d11/gclk.o
                                                  src/ASF/sam0/drivers/system/clock/clock_samd09_d10_d11/clock.o
                                                  src/ASF/sam0/drivers/sercom/spi/spi.o
                                                  src/ASF/sam0/drivers/tc/tc_sam_d_r_h/tc.o
                                                  src/ASF/sam0/drivers/tcc/tcc.o
                                                  src/ASF/sam0/drivers/sercom/sercom.o
                                                  src/ASF/sam0/drivers/extint/extint_sam_d_r_h/extint.o
                                                  src/ASF/sam0/drivers/adc/adc_sam_d_r_h/adc.o
system_gclk_gen_disable                           src/ASF/sam0/drivers/system/clock/clock_samd09_d10_d11/gclk.o
system_gclk_gen_enable                            src/ASF/sam0/drivers/system/clock/clock_samd09_d10_d11/gclk.o
                                                  src/ASF/sam0/drivers/system/clock/clock_samd09_d10_d11/clock.o
system_gclk_gen_get_hz                            src/ASF/sam0/drivers/system/clock/clock_samd09_d10_d11/gclk.o
                                                  src/ASF/common2/services/delay/sam0/systick_counter.o
system_gclk_gen_is_enabled                        src/ASF/sam0/drivers/system/clock/clock_samd09_d10_d11/gclk.o
system_gclk_gen_set_config                        src/ASF/sam0/drivers/system/clock/clock_samd09_d10_d11/gclk.o
                                                  src/ASF/sam0/drivers/system/clock/clock_samd09_d10_d11/clock.o
system_gclk_init                                  src/ASF/sam0/drivers/system/clock/clock_samd09_d10_d11/gclk.o
                                                  src/ASF/sam0/drivers/system/clock/clock_samd09_d10_d11/clock.o
system_init                                       src/ASF/sam0/drivers/system/system.o
                                                  src/main.o
system_interrupt_clear_pending                    src/ASF/sam0/drivers/system/interrupt/system_interrupt.o
system_interrupt_get_priority                     src/ASF/sam0/drivers/system/interrupt/system_interrupt.o
system_interrupt_is_pending                       src/ASF/sam0/drivers/system/interrupt/system_interrupt.o
system_interrupt_set_pending                      src/ASF/sam0/drivers/system/interrupt/system_interrupt.o
system_interrupt_set_priority                     src/ASF/sam0/drivers/system/interrupt/system_interrupt.o
system_pinmux_group_set_config                    src/ASF/sam0/drivers/system/pinmux/pinmux.o
                                                  src/ASF/sam0/drivers/port/port.o
system_pinmux_group_set_input_sample_mode         src/ASF/sam0/drivers/system/pinmux/pinmux.o
system_pinmux_group_set_output_strength           src/ASF/sam0/drivers/system/pinmux/pinmux.o
                                                  src/RGB_LED.o
system_pinmux_pin_set_config                      src/ASF/sam0/drivers/system/pinmux/pinmux.o
                                                  src/ASF/sam0/drivers/port/port.o
                                                  src/ASF/sam0/drivers/sercom/spi/spi.o
                                                  src/ASF/sam0/drivers/tc/tc_sam_d_r_h/tc.o
                                                  src/ASF/sam0/drivers/tcc/tcc.o
                                                  src/ASF/sam0/drivers/extint/extint_sam_d_r_h/extint.o
                                                  src/ASF/sam0/drivers/adc/adc_sam_d_r_h/adc.o
system_power_off                                  src/power_on_off.o
tc_callback_OF                                    src/RGB_LED.o
tc_callback_PWM                                   src/RGB_LED.o
tc_get_capture_value                              src/ASF/sam0/drivers/tc/tc_sam_d_r_h/tc.o
tc_get_count_value                                src/ASF/sam0/drivers/tc/tc_sam_d_r_h/tc.o
tc_init                                           src/ASF/sam0/drivers/tc/tc_sam_d_r_h/tc.o
                                                  src/RGB_LED.o
tc_register_callback                              src/ASF/sam0/drivers/tc/tc_interrupt.o
                                                  src/RGB_LED.o
tc_reset                                          src/ASF/sam0/drivers/tc/tc_sam_d_r_h/tc.o
tc_set_compare_value                              src/ASF/sam0/drivers/tc/tc_sam_d_r_h/tc.o
tc_set_count_value                                src/ASF/sam0/drivers/tc/tc_sam_d_r_h/tc.o
tc_set_top_value                                  src/ASF/sam0/drivers/tc/tc_sam_d_r_h/tc.o
tc_unregister_callback                            src/ASF/sam0/drivers/tc/tc_interrupt.o
tcc_clear_status                                  src/ASF/sam0/drivers/tcc/tcc.o
tcc_disable_callback                              src/ASF/sam0/drivers/tcc/tcc_callback.o
tcc_disable_circular_buffer_compare               src/ASF/sam0/drivers/tcc/tcc.o
tcc_disable_events                                src/ASF/sam0/drivers/tcc/tcc.o
tcc_enable_callback                               src/ASF/sam0/drivers/tcc/tcc_callback.o
tcc_enable_circular_buffer_compare                src/ASF/sam0/drivers/tcc/tcc.o
tcc_enable_events                                 src/ASF/sam0/drivers/tcc/tcc.o
tcc_get_capture_value                             src/ASF/sam0/drivers/tcc/tcc.o
tcc_get_config_defaults                           src/ASF/sam0/drivers/tcc/tcc.o
                                                  src/motors.o
tcc_get_count_value                               src/ASF/sam0/drivers/tcc/tcc.o
tcc_get_status                                    src/ASF/sam0/drivers/tcc/tcc.o
tcc_init                                          src/ASF/sam0/drivers/tcc/tcc.o
                                                  src/motors.o
tcc_modules                                       src/ASF/sam0/drivers/tcc/tcc.o
tcc_register_callback                             src/ASF/sam0/drivers/tcc/tcc_callback.o
tcc_set_compare_value                             src/ASF/sam0/drivers/tcc/tcc.o
                                                  src/motors.o
tcc_set_count_value                               src/ASF/sam0/drivers/tcc/tcc.o
tcc_set_double_buffer_compare_values              src/ASF/sam0/drivers/tcc/tcc.o
tcc_set_double_buffer_top_values                  src/ASF/sam0/drivers/tcc/tcc.o
tcc_set_pattern                                   src/ASF/sam0/drivers/tcc/tcc.o
tcc_set_top_value                                 src/ASF/sam0/drivers/tcc/tcc.o
tcc_unregister_callback                           src/ASF/sam0/drivers/tcc/tcc_callback.o
temp_compare_array                                src/main.o
                                                  src/ASF/sam0/drivers/tc/tc_interrupt.o
                                                  src/RGB_LED.o
temp_compare_array_2                              src/main.o
                                                  src/RGB_LED_control.o
                                                  src/RGB_LED.o
temp_pin_array                                    src/main.o
                                                  src/ASF/sam0/drivers/tc/tc_interrupt.o
                                                  src/RGB_LED.o
temp_pin_array_2                                  src/main.o
                                                  src/RGB_LED.o
test_RGB                                          src/test.o
test_motors                                       src/test.o
                                                  src/main.o
transfer_temp_2                                   src/RGB_LED.o
turn_off_motors                                   src/motors.o
update_RGB_LED                                    src/RGB_LED_control.o
                                                  src/test.o
update_compare_array                              src/main.o
                                                  src/ASF/sam0/drivers/tc/tc_interrupt.o
                                                  src/RGB_LED_control.o
